Archive member included to satisfy reference by file (symbol)

c:/ac6/systemworkbench/plugins/fr.ac6.mcu.externaltools.arm-none.win32_1.13.2.201703061525/tools/compiler/bin/../lib/gcc/arm-none-eabi/5.4.1/armv7e-m/fpu\libgcc.a(_arm_addsubdf3.o)
                              Src/Ass-02-Q01.o (__aeabi_dsub)
c:/ac6/systemworkbench/plugins/fr.ac6.mcu.externaltools.arm-none.win32_1.13.2.201703061525/tools/compiler/bin/../lib/gcc/arm-none-eabi/5.4.1/armv7e-m/fpu\libgcc.a(_arm_muldivdf3.o)
                              Drivers/BSP/touch_panel.o (__aeabi_dmul)
c:/ac6/systemworkbench/plugins/fr.ac6.mcu.externaltools.arm-none.win32_1.13.2.201703061525/tools/compiler/bin/../lib/gcc/arm-none-eabi/5.4.1/armv7e-m/fpu\libgcc.a(_arm_cmpdf2.o)
                              Drivers/BSP/touch_panel.o (__aeabi_dcmpeq)
c:/ac6/systemworkbench/plugins/fr.ac6.mcu.externaltools.arm-none.win32_1.13.2.201703061525/tools/compiler/bin/../lib/gcc/arm-none-eabi/5.4.1/armv7e-m/fpu\libgcc.a(_arm_fixunsdfsi.o)
                              Drivers/BSP/touch_panel.o (__aeabi_d2uiz)
c:/ac6/systemworkbench/plugins/fr.ac6.mcu.externaltools.arm-none.win32_1.13.2.201703061525/tools/compiler/bin/../lib/gcc/arm-none-eabi/5.4.1/armv7e-m/fpu\libgcc.a(_arm_truncdfsf2.o)
                              Src/Ass-02-Q01.o (__aeabi_d2f)
c:/ac6/systemworkbench/plugins/fr.ac6.mcu.externaltools.arm-none.win32_1.13.2.201703061525/tools/compiler/bin/../lib/gcc/arm-none-eabi/5.4.1/../../../../arm-none-eabi/lib/armv7e-m/fpu\libc_nano.a(lib_a-errno.o)
                              Src/syscalls.o (__errno)
c:/ac6/systemworkbench/plugins/fr.ac6.mcu.externaltools.arm-none.win32_1.13.2.201703061525/tools/compiler/bin/../lib/gcc/arm-none-eabi/5.4.1/../../../../arm-none-eabi/lib/armv7e-m/fpu\libc_nano.a(lib_a-exit.o)
                              c:/ac6/systemworkbench/plugins/fr.ac6.mcu.externaltools.arm-none.win32_1.13.2.201703061525/tools/compiler/bin/../lib/gcc/arm-none-eabi/5.4.1/../../../../arm-none-eabi/lib/armv7e-m/fpu/crt0.o (exit)
c:/ac6/systemworkbench/plugins/fr.ac6.mcu.externaltools.arm-none.win32_1.13.2.201703061525/tools/compiler/bin/../lib/gcc/arm-none-eabi/5.4.1/../../../../arm-none-eabi/lib/armv7e-m/fpu\libc_nano.a(lib_a-impure.o)
                              c:/ac6/systemworkbench/plugins/fr.ac6.mcu.externaltools.arm-none.win32_1.13.2.201703061525/tools/compiler/bin/../lib/gcc/arm-none-eabi/5.4.1/../../../../arm-none-eabi/lib/armv7e-m/fpu\libc_nano.a(lib_a-exit.o) (_global_impure_ptr)
c:/ac6/systemworkbench/plugins/fr.ac6.mcu.externaltools.arm-none.win32_1.13.2.201703061525/tools/compiler/bin/../lib/gcc/arm-none-eabi/5.4.1/../../../../arm-none-eabi/lib/armv7e-m/fpu\libc_nano.a(lib_a-init.o)
                              c:/ac6/systemworkbench/plugins/fr.ac6.mcu.externaltools.arm-none.win32_1.13.2.201703061525/tools/compiler/bin/../lib/gcc/arm-none-eabi/5.4.1/../../../../arm-none-eabi/lib/armv7e-m/fpu/crt0.o (__libc_init_array)
c:/ac6/systemworkbench/plugins/fr.ac6.mcu.externaltools.arm-none.win32_1.13.2.201703061525/tools/compiler/bin/../lib/gcc/arm-none-eabi/5.4.1/../../../../arm-none-eabi/lib/armv7e-m/fpu\libc_nano.a(lib_a-malloc.o)
                              Src/Ass-02-Q01.o (malloc)
c:/ac6/systemworkbench/plugins/fr.ac6.mcu.externaltools.arm-none.win32_1.13.2.201703061525/tools/compiler/bin/../lib/gcc/arm-none-eabi/5.4.1/../../../../arm-none-eabi/lib/armv7e-m/fpu\libc_nano.a(lib_a-memset.o)
                              c:/ac6/systemworkbench/plugins/fr.ac6.mcu.externaltools.arm-none.win32_1.13.2.201703061525/tools/compiler/bin/../lib/gcc/arm-none-eabi/5.4.1/../../../../arm-none-eabi/lib/armv7e-m/fpu/crt0.o (memset)
c:/ac6/systemworkbench/plugins/fr.ac6.mcu.externaltools.arm-none.win32_1.13.2.201703061525/tools/compiler/bin/../lib/gcc/arm-none-eabi/5.4.1/../../../../arm-none-eabi/lib/armv7e-m/fpu\libc_nano.a(lib_a-nano-freer.o)
                              c:/ac6/systemworkbench/plugins/fr.ac6.mcu.externaltools.arm-none.win32_1.13.2.201703061525/tools/compiler/bin/../lib/gcc/arm-none-eabi/5.4.1/../../../../arm-none-eabi/lib/armv7e-m/fpu\libc_nano.a(lib_a-malloc.o) (_free_r)
c:/ac6/systemworkbench/plugins/fr.ac6.mcu.externaltools.arm-none.win32_1.13.2.201703061525/tools/compiler/bin/../lib/gcc/arm-none-eabi/5.4.1/../../../../arm-none-eabi/lib/armv7e-m/fpu\libc_nano.a(lib_a-nano-mallocr.o)
                              c:/ac6/systemworkbench/plugins/fr.ac6.mcu.externaltools.arm-none.win32_1.13.2.201703061525/tools/compiler/bin/../lib/gcc/arm-none-eabi/5.4.1/../../../../arm-none-eabi/lib/armv7e-m/fpu\libc_nano.a(lib_a-malloc.o) (_malloc_r)
c:/ac6/systemworkbench/plugins/fr.ac6.mcu.externaltools.arm-none.win32_1.13.2.201703061525/tools/compiler/bin/../lib/gcc/arm-none-eabi/5.4.1/../../../../arm-none-eabi/lib/armv7e-m/fpu\libc_nano.a(lib_a-nano-vfprintf_float.o)
                              (_printf_float)
[...]
Memory Configuration

Name             Origin             Length             Attributes
RAM              0x20000000         0x00020000         xrw
CCMRAM           0x10000000         0x00010000         rw
FLASH            0x08000000         0x00100000         xr
*default*        0x00000000         0xffffffff

Linker script and memory map

LOAD c:/ac6/systemworkbench/plugins/fr.ac6.mcu.externaltools.arm-none.win32_1.13.2.201703061525/tools/compiler/bin/../lib/gcc/arm-none-eabi/5.4.1/armv7e-m/fpu/crti.o
LOAD c:/ac6/systemworkbench/plugins/fr.ac6.mcu.externaltools.arm-none.win32_1.13.2.201703061525/tools/compiler/bin/../lib/gcc/arm-none-eabi/5.4.1/armv7e-m/fpu/crtbegin.o
LOAD c:/ac6/systemworkbench/plugins/fr.ac6.mcu.externaltools.arm-none.win32_1.13.2.201703061525/tools/compiler/bin/../lib/gcc/arm-none-eabi/5.4.1/../../../../arm-none-eabi/lib/armv7e-m/fpu/crt0.o
LOAD c:/ac6/systemworkbench/plugins/fr.ac6.mcu.externaltools.arm-none.win32_1.13.2.201703061525/tools/compiler/bin/../lib/gcc/arm-none-eabi/5.4.1/../../../../arm-none-eabi/lib/armv7e-m/fpu\libm.a
LOAD Drivers/BSP/ili9325.o
LOAD Drivers/BSP/openx07v_c_lcd.o
LOAD Drivers/BSP/touch_panel.o
LOAD Drivers/Fonts/font12.o
LOAD Drivers/Fonts/font16.o
LOAD Drivers/Fonts/font20.o
LOAD Drivers/Fonts/font24.o
LOAD Drivers/Fonts/font8.o
LOAD Drivers/STM32F4xx_HAL_Driver/Src/stm32f4xx_hal.o
LOAD Drivers/STM32F4xx_HAL_Driver/Src/stm32f4xx_hal_cortex.o
LOAD Drivers/STM32F4xx_HAL_Driver/Src/stm32f4xx_hal_dma.o
LOAD Drivers/STM32F4xx_HAL_Driver/Src/stm32f4xx_hal_dma_ex.o
LOAD Drivers/STM32F4xx_HAL_Driver/Src/stm32f4xx_hal_flash.o
LOAD Drivers/STM32F4xx_HAL_Driver/Src/stm32f4xx_hal_flash_ex.o
LOAD Drivers/STM32F4xx_HAL_Driver/Src/stm32f4xx_hal_flash_ramfunc.o
LOAD Drivers/STM32F4xx_HAL_Driver/Src/stm32f4xx_hal_gpio.o
LOAD Drivers/STM32F4xx_HAL_Driver/Src/stm32f4xx_hal_pwr.o
LOAD Drivers/STM32F4xx_HAL_Driver/Src/stm32f4xx_hal_pwr_ex.o
LOAD Drivers/STM32F4xx_HAL_Driver/Src/stm32f4xx_hal_rcc.o
LOAD Drivers/STM32F4xx_HAL_Driver/Src/stm32f4xx_hal_rcc_ex.o
LOAD Drivers/STM32F4xx_HAL_Driver/Src/stm32f4xx_hal_spi.o
LOAD Drivers/STM32F4xx_HAL_Driver/Src/stm32f4xx_hal_sram.o
LOAD Drivers/STM32F4xx_HAL_Driver/Src/stm32f4xx_hal_tim.o
LOAD Drivers/STM32F4xx_HAL_Driver/Src/stm32f4xx_hal_tim_ex.o
LOAD Drivers/STM32F4xx_HAL_Driver/Src/stm32f4xx_hal_uart.o
LOAD Drivers/STM32F4xx_HAL_Driver/Src/stm32f4xx_ll_fsmc.o
LOAD Src/Ass-02-Lib.o
LOAD Src/Ass-02-Q01.o
LOAD Src/Ass-02-Q02.o
LOAD Src/Ass-02.o
LOAD Src/fsmc.o
LOAD Src/gpio.o
LOAD Src/main.o
LOAD Src/spi.o
LOAD Src/stm32f4xx_hal_msp.o
LOAD Src/stm32f4xx_it.o
LOAD Src/syscalls.o
LOAD Src/system_stm32f4xx.o
LOAD Src/usart.o
LOAD startup/startup_stm32f407xx.o
START GROUP
LOAD c:/ac6/systemworkbench/plugins/fr.ac6.mcu.externaltools.arm-none.win32_1.13.2.201703061525/tools/compiler/bin/../lib/gcc/arm-none-eabi/5.4.1/armv7e-m/fpu\libgcc.a
LOAD c:/ac6/systemworkbench/plugins/fr.ac6.mcu.externaltools.arm-none.win32_1.13.2.201703061525/tools/compiler/bin/../lib/gcc/arm-none-eabi/5.4.1/../../../../arm-none-eabi/lib/armv7e-m/fpu\libc_nano.a
END GROUP
START GROUP
LOAD c:/ac6/systemworkbench/plugins/fr.ac6.mcu.externaltools.arm-none.win32_1.13.2.201703061525/tools/compiler/bin/../lib/gcc/arm-none-eabi/5.4.1/armv7e-m/fpu\libgcc.a
LOAD c:/ac6/systemworkbench/plugins/fr.ac6.mcu.externaltools.arm-none.win32_1.13.2.201703061525/tools/compiler/bin/../lib/gcc/arm-none-eabi/5.4.1/../../../../arm-none-eabi/lib/armv7e-m/fpu\libc_nano.a
LOAD c:/ac6/systemworkbench/plugins/fr.ac6.mcu.externaltools.arm-none.win32_1.13.2.201703061525/tools/compiler/bin/../lib/gcc/arm-none-eabi/5.4.1/../../../../arm-none-eabi/lib/armv7e-m/fpu\libnosys.a
END GROUP
START GROUP
LOAD c:/ac6/systemworkbench/plugins/fr.ac6.mcu.externaltools.arm-none.win32_1.13.2.201703061525/tools/compiler/bin/../lib/gcc/arm-none-eabi/5.4.1/armv7e-m/fpu\libgcc.a
LOAD c:/ac6/systemworkbench/plugins/fr.ac6.mcu.externaltools.arm-none.win32_1.13.2.201703061525/tools/compiler/bin/../lib/gcc/arm-none-eabi/5.4.1/../../../../arm-none-eabi/lib/armv7e-m/fpu\libc_nano.a
LOAD c:/ac6/systemworkbench/plugins/fr.ac6.mcu.externaltools.arm-none.win32_1.13.2.201703061525/tools/compiler/bin/../lib/gcc/arm-none-eabi/5.4.1/../../../../arm-none-eabi/lib/armv7e-m/fpu\libnosys.a
END GROUP
LOAD c:/ac6/systemworkbench/plugins/fr.ac6.mcu.externaltools.arm-none.win32_1.13.2.201703061525/tools/compiler/bin/../lib/gcc/arm-none-eabi/5.4.1/armv7e-m/fpu/crtend.o
LOAD c:/ac6/systemworkbench/plugins/fr.ac6.mcu.externaltools.arm-none.win32_1.13.2.201703061525/tools/compiler/bin/../lib/gcc/arm-none-eabi/5.4.1/armv7e-m/fpu/crtn.o
                0x20020000                _estack = 0x20020000
                0x00002000                _Min_Heap_Size = 0x2000
                0x00004000                _Min_Stack_Size = 0x4000

.isr_vector     0x08000000      0x188
                0x08000000                . = ALIGN (0x4)
 *(.isr_vector)
 .isr_vector    0x08000000      0x188 startup/startup_stm32f407xx.o
                0x08000000                g_pfnVectors
                0x08000188                . = ALIGN (0x4)

.text           0x08000190     0xde54
                0x08000190                . = ALIGN (0x4)
 *(.text)
 .text          0x08000190       0x5c c:/ac6/systemworkbench/plugins/fr.ac6.mcu.externaltools.arm-none.win32_1.13.2.201703061525/tools/compiler/bin/../lib/gcc/arm-none-eabi/5.4.1/armv7e-m/fpu/crtbegin.o
 .text          0x080001ec      0x370 c:/ac6/systemworkbench/plugins/fr.ac6.mcu.externaltools.arm-none.win32_1.13.2.201703061525/tools/compiler/bin/../lib/gcc/arm-none-eabi/5.4.1/armv7e-m/fpu\libgcc.a(_arm_addsubdf3.o)
                0x080001ec                __aeabi_drsub
                0x080001f4                __aeabi_dsub
                0x080001f4                __subdf3
                0x080001f8                __aeabi_dadd
                0x080001f8                __adddf3
                0x08000470                __floatunsidf
                0x08000470                __aeabi_ui2d
                0x08000490                __floatsidf
                0x08000490                __aeabi_i2d
                0x080004b4                __aeabi_f2d
                0x080004b4                __extendsfdf2
                0x080004f0                __floatundidf
                0x080004f0                __aeabi_ul2d
                0x08000500                __floatdidf
                0x08000500                __aeabi_l2d
 .text          0x0800055c      0x424 c:/ac6/systemworkbench/plugins/fr.ac6.mcu.externaltools.arm-none.win32_1.13.2.201703061525/tools/compiler/bin/../lib/gcc/arm-none-eabi/5.4.1/armv7e-m/fpu\libgcc.a(_arm_muldivdf3.o)
                0x0800055c                __aeabi_dmul
                0x0800055c                __muldf3
                0x080007b0                __divdf3
                0x080007b0                __aeabi_ddiv
 .text          0x08000980      0x110 c:/ac6/systemworkbench/plugins/fr.ac6.mcu.externaltools.arm-none.win32_1.13.2.201703061525/tools/compiler/bin/../lib/gcc/arm-none-eabi/5.4.1/armv7e-m/fpu\libgcc.a(_arm_cmpdf2.o)
                0x08000980                __gtdf2
                0x08000980                __gedf2
                0x08000988                __ltdf2
                0x08000988                __ledf2
                0x08000990                __nedf2
                0x08000990                __eqdf2
                0x08000990                __cmpdf2
                0x08000a0c                __aeabi_cdrcmple
                0x08000a1c                __aeabi_cdcmpeq
                0x08000a1c                __aeabi_cdcmple
                0x08000a2c                __aeabi_dcmpeq
                0x08000a40                __aeabi_dcmplt
                0x08000a54                __aeabi_dcmple
                0x08000a68                __aeabi_dcmpge
                0x08000a7c                __aeabi_dcmpgt
 .text          0x08000a90       0x40 c:/ac6/systemworkbench/plugins/fr.ac6.mcu.externaltools.arm-none.win32_1.13.2.201703061525/tools/compiler/bin/../lib/gcc/arm-none-eabi/5.4.1/armv7e-m/fpu\libgcc.a(_arm_fixunsdfsi.o)
                0x08000a90                __aeabi_d2uiz
                0x08000a90                __fixunsdfsi
 .text          0x08000ad0       0xa0 c:/ac6/systemworkbench/plugins/fr.ac6.mcu.externaltools.arm-none.win32_1.13.2.201703061525/tools/compiler/bin/../lib/gcc/arm-none-eabi/5.4.1/armv7e-m/fpu\libgcc.a(_arm_truncdfsf2.o)
                0x08000ad0                __truncdfsf2
                0x08000ad0                __aeabi_d2f
 .text          0x08000b70       0x14 c:/ac6/systemworkbench/plugins/fr.ac6.mcu.externaltools.arm-none.win32_1.13.2.201703061525/tools/compiler/bin/../lib/gcc/arm-none-eabi/5.4.1/../../../../arm-none-eabi/lib/armv7e-m/fpu\libc_nano.a(lib_a-strcmp.o)
                0x08000b70                strcmp
 .text          0x08000b84       0x10 c:/ac6/systemworkbench/plugins/fr.ac6.mcu.externaltools.arm-none.win32_1.13.2.201703061525/tools/compiler/bin/../lib/gcc/arm-none-eabi/5.4.1/../../../../arm-none-eabi/lib/armv7e-m/fpu\libc_nano.a(lib_a-strlen.o)
                0x08000b84                strlen
 *fill*         0x08000b94        0xc 
 .text          0x08000ba0       0xa0 c:/ac6/systemworkbench/plugins/fr.ac6.mcu.externaltools.arm-none.win32_1.13.2.201703061525/tools/compiler/bin/../lib/gcc/arm-none-eabi/5.4.1/../../../../arm-none-eabi/lib/armv7e-m/fpu\libc_nano.a(lib_a-memchr.o)
                0x08000ba0                memchr
 .text          0x08000c40       0x2c c:/ac6/systemworkbench/plugins/fr.ac6.mcu.externaltools.arm-none.win32_1.13.2.201703061525/tools/compiler/bin/../lib/gcc/arm-none-eabi/5.4.1/armv7e-m/fpu\libgcc.a(_arm_unorddf2.o)
                0x08000c40                __unorddf2
                0x08000c40                __aeabi_dcmpun
 .text          0x08000c6c       0x50 c:/ac6/systemworkbench/plugins/fr.ac6.mcu.externaltools.arm-none.win32_1.13.2.201703061525/tools/compiler/bin/../lib/gcc/arm-none-eabi/5.4.1/armv7e-m/fpu\libgcc.a(_arm_fixdfsi.o)
                0x08000c6c                __aeabi_d2iz
                0x08000c6c                __fixdfsi
 *(.text*)
 .text.LCD_IO_Init
                0x08000cbc       0x10 Drivers/BSP/ili9325.o
                0x08000cbc                LCD_IO_Init
 .text.LCD_IO_WriteMultipleData
                0x08000ccc       0x44 Drivers/BSP/ili9325.o
                0x08000ccc                LCD_IO_WriteMultipleData
 .text.LCD_IO_WriteReg
                0x08000d10       0x20 Drivers/BSP/ili9325.o
                0x08000d10                LCD_IO_WriteReg
 .text.LCD_IO_ReadData
                0x08000d30       0x18 Drivers/BSP/ili9325.o
                0x08000d30                LCD_IO_ReadData
 .text.ili9325_Init
                0x08000d48      0x1f4 Drivers/BSP/ili9325.o
                0x08000d48                ili9325_Init
 .text.ili9325_DisplayOn
                0x08000f3c       0x64 Drivers/BSP/ili9325.o
                0x08000f3c                ili9325_DisplayOn
 .text.ili9325_DisplayOff
                0x08000fa0       0x38 Drivers/BSP/ili9325.o
                0x08000fa0                ili9325_DisplayOff
 .text.ili9325_GetLcdPixelWidth
                0x08000fd8       0x14 Drivers/BSP/ili9325.o
                0x08000fd8                ili9325_GetLcdPixelWidth
 .text.ili9325_GetLcdPixelHeight
                0x08000fec       0x10 Drivers/BSP/ili9325.o
                0x08000fec                ili9325_GetLcdPixelHeight
 .text.ili9325_ReadID
                0x08000ffc       0x14 Drivers/BSP/ili9325.o
                0x08000ffc                ili9325_ReadID
 .text.ili9325_SetCursor
                0x08001010       0x34 Drivers/BSP/ili9325.o
                0x08001010                ili9325_SetCursor
 .text.ili9325_WritePixel
                0x08001044       0x38 Drivers/BSP/ili9325.o
                0x08001044                ili9325_WritePixel
 .text.ili9325_ReadPixel
                0x0800107c       0x34 Drivers/BSP/ili9325.o
                0x0800107c                ili9325_ReadPixel
 .text.ili9325_WriteReg
                0x080010b0       0x2c Drivers/BSP/ili9325.o
                0x080010b0                ili9325_WriteReg
 .text.ili9325_ReadReg
                0x080010dc       0x30 Drivers/BSP/ili9325.o
                0x080010dc                ili9325_ReadReg
 .text.ili9325_SetDisplayWindow
                0x0800110c       0x6c Drivers/BSP/ili9325.o
                0x0800110c                ili9325_SetDisplayWindow
 .text.ili9325_DrawHLine
                0x08001178       0x6c Drivers/BSP/ili9325.o
                0x08001178                ili9325_DrawHLine
 .text.ili9325_DrawVLine
                0x080011e4       0x80 Drivers/BSP/ili9325.o
                0x080011e4                ili9325_DrawVLine
 .text.ili9325_DrawBitmap
                0x08001264       0x9c Drivers/BSP/ili9325.o
                0x08001264                ili9325_DrawBitmap
 .text.ili9325_DrawRGBImage
                0x08001300       0x54 Drivers/BSP/ili9325.o
                0x08001300                ili9325_DrawRGBImage
 .text.ili9325_Clear
                0x08001354       0x3c Drivers/BSP/ili9325.o
                0x08001354                ili9325_Clear
 .text.BSP_LCD_Init
                0x08001390       0x9c Drivers/BSP/openx07v_c_lcd.o
                0x08001390                BSP_LCD_Init
 .text.BSP_LCD_GetXSize
                0x0800142c       0x18 Drivers/BSP/openx07v_c_lcd.o
                0x0800142c                BSP_LCD_GetXSize
 .text.BSP_LCD_GetYSize
                0x08001444       0x18 Drivers/BSP/openx07v_c_lcd.o
                0x08001444                BSP_LCD_GetYSize
 .text.BSP_LCD_SetTextColor
                0x0800145c       0x20 Drivers/BSP/openx07v_c_lcd.o
                0x0800145c                BSP_LCD_SetTextColor
 .text.BSP_LCD_SetFont
                0x0800147c       0x20 Drivers/BSP/openx07v_c_lcd.o
                0x0800147c                BSP_LCD_SetFont
 .text.BSP_LCD_Clear
                0x0800149c       0x68 Drivers/BSP/openx07v_c_lcd.o
                0x0800149c                BSP_LCD_Clear
 .text.BSP_LCD_DisplayChar
                0x08001504       0x54 Drivers/BSP/openx07v_c_lcd.o
                0x08001504                BSP_LCD_DisplayChar
 .text.BSP_LCD_DisplayStringAt
                0x08001558       0xf8 Drivers/BSP/openx07v_c_lcd.o
                0x08001558                BSP_LCD_DisplayStringAt
 .text.BSP_LCD_DrawHLine
                0x08001650       0x74 Drivers/BSP/openx07v_c_lcd.o
                0x08001650                BSP_LCD_DrawHLine
 .text.BSP_LCD_DrawVLine
                0x080016c4       0x74 Drivers/BSP/openx07v_c_lcd.o
                0x080016c4                BSP_LCD_DrawVLine
 .text.BSP_LCD_DrawRect
                0x08001738       0x64 Drivers/BSP/openx07v_c_lcd.o
                0x08001738                BSP_LCD_DrawRect
 .text.BSP_LCD_DrawBitmap
                0x0800179c       0x98 Drivers/BSP/openx07v_c_lcd.o
                0x0800179c                BSP_LCD_DrawBitmap
 .text.BSP_LCD_FillRect
                0x08001834       0x50 Drivers/BSP/openx07v_c_lcd.o
                0x08001834                BSP_LCD_FillRect
 .text.BSP_LCD_DisplayOn
                0x08001884       0x14 Drivers/BSP/openx07v_c_lcd.o
                0x08001884                BSP_LCD_DisplayOn
 .text.LCD_DrawPixel
                0x08001898       0x38 Drivers/BSP/openx07v_c_lcd.o
 .text.LCD_DrawChar
                0x080018d0      0x1e4 Drivers/BSP/openx07v_c_lcd.o
 .text.LCD_SetDisplayWindow
                0x08001ab4       0x44 Drivers/BSP/openx07v_c_lcd.o
 .text.TP_Init  0x08001af8       0x10 Drivers/BSP/touch_panel.o
                0x08001af8                TP_Init
 .text.DelayUS  0x08001b08       0x28 Drivers/BSP/touch_panel.o
                0x08001b08                DelayUS
 .text.WR_CMD   0x08001b30       0x24 Drivers/BSP/touch_panel.o
 .text.RD_AD    0x08001b54       0x38 Drivers/BSP/touch_panel.o
 .text.Read_X   0x08001b8c       0x40 Drivers/BSP/touch_panel.o
                0x08001b8c                Read_X
 .text.Read_Y   0x08001bcc       0x40 Drivers/BSP/touch_panel.o
                0x08001bcc                Read_Y
 .text.TP_GetAdXY
                0x08001c0c       0x30 Drivers/BSP/touch_panel.o
                0x08001c0c                TP_GetAdXY
 .text.DrawCross
                0x08001c3c       0x58 Drivers/BSP/touch_panel.o
                0x08001c3c                DrawCross
 .text.Read_Ads7846
                0x08001c94      0x27c Drivers/BSP/touch_panel.o
                0x08001c94                Read_Ads7846
 .text.setCalibrationMatrix
                0x08001f10      0x31c Drivers/BSP/touch_panel.o
                0x08001f10                setCalibrationMatrix
 .text.getDisplayPoint
                0x0800222c      0x160 Drivers/BSP/touch_panel.o
                0x0800222c                getDisplayPoint
 .text.TouchPanel_Calibrate
                0x0800238c       0xe0 Drivers/BSP/touch_panel.o
                0x0800238c                TouchPanel_Calibrate
 .text.HAL_Init
                0x0800246c       0x44 Drivers/STM32F4xx_HAL_Driver/Src/stm32f4xx_hal.o
                0x0800246c                HAL_Init
 .text.HAL_InitTick
                0x080024b0       0x38 Drivers/STM32F4xx_HAL_Driver/Src/stm32f4xx_hal.o
                0x080024b0                HAL_InitTick
 .text.HAL_IncTick
                0x080024e8       0x1c Drivers/STM32F4xx_HAL_Driver/Src/stm32f4xx_hal.o
                0x080024e8                HAL_IncTick
 .text.HAL_GetTick
                0x08002504       0x18 Drivers/STM32F4xx_HAL_Driver/Src/stm32f4xx_hal.o
                0x08002504                HAL_GetTick
 .text.HAL_Delay
                0x0800251c       0x2c Drivers/STM32F4xx_HAL_Driver/Src/stm32f4xx_hal.o
                0x0800251c                HAL_Delay
 .text.NVIC_SetPriorityGrouping
                0x08002548       0x48 Drivers/STM32F4xx_HAL_Driver/Src/stm32f4xx_hal_cortex.o
 .text.NVIC_GetPriorityGrouping
                0x08002590       0x1c Drivers/STM32F4xx_HAL_Driver/Src/stm32f4xx_hal_cortex.o
 .text.NVIC_EnableIRQ
                0x080025ac       0x34 Drivers/STM32F4xx_HAL_Driver/Src/stm32f4xx_hal_cortex.o
 .text.NVIC_SetPriority
                0x080025e0       0x54 Drivers/STM32F4xx_HAL_Driver/Src/stm32f4xx_hal_cortex.o
 .text.NVIC_EncodePriority
                0x08002634       0x64 Drivers/STM32F4xx_HAL_Driver/Src/stm32f4xx_hal_cortex.o
 .text.SysTick_Config
                0x08002698       0x44 Drivers/STM32F4xx_HAL_Driver/Src/stm32f4xx_hal_cortex.o
 .text.HAL_NVIC_SetPriorityGrouping
                0x080026dc       0x18 Drivers/STM32F4xx_HAL_Driver/Src/stm32f4xx_hal_cortex.o
                0x080026dc                HAL_NVIC_SetPriorityGrouping
 .text.HAL_NVIC_SetPriority
                0x080026f4       0x38 Drivers/STM32F4xx_HAL_Driver/Src/stm32f4xx_hal_cortex.o
                0x080026f4                HAL_NVIC_SetPriority
 .text.HAL_NVIC_EnableIRQ
                0x0800272c       0x1c Drivers/STM32F4xx_HAL_Driver/Src/stm32f4xx_hal_cortex.o
                0x0800272c                HAL_NVIC_EnableIRQ
 .text.HAL_SYSTICK_Config
                0x08002748       0x18 Drivers/STM32F4xx_HAL_Driver/Src/stm32f4xx_hal_cortex.o
                0x08002748                HAL_SYSTICK_Config
 .text.HAL_SYSTICK_CLKSourceConfig
                0x08002760       0x38 Drivers/STM32F4xx_HAL_Driver/Src/stm32f4xx_hal_cortex.o
                0x08002760                HAL_SYSTICK_CLKSourceConfig
 .text.HAL_SYSTICK_IRQHandler
                0x08002798        0xc Drivers/STM32F4xx_HAL_Driver/Src/stm32f4xx_hal_cortex.o
                0x08002798                HAL_SYSTICK_IRQHandler
 .text.HAL_SYSTICK_Callback
                0x080027a4       0x10 Drivers/STM32F4xx_HAL_Driver/Src/stm32f4xx_hal_cortex.o
                0x080027a4                HAL_SYSTICK_Callback
 .text.HAL_DMA_Abort_IT
                0x080027b4       0x44 Drivers/STM32F4xx_HAL_Driver/Src/stm32f4xx_hal_dma.o
                0x080027b4                HAL_DMA_Abort_IT
 .text.HAL_GPIO_Init
                0x080027f8      0x334 Drivers/STM32F4xx_HAL_Driver/Src/stm32f4xx_hal_gpio.o
                0x080027f8                HAL_GPIO_Init
 .text.HAL_GPIO_ReadPin
                0x08002b2c       0x30 Drivers/STM32F4xx_HAL_Driver/Src/stm32f4xx_hal_gpio.o
                0x08002b2c                HAL_GPIO_ReadPin
 .text.HAL_GPIO_WritePin
                0x08002b5c       0x34 Drivers/STM32F4xx_HAL_Driver/Src/stm32f4xx_hal_gpio.o
                0x08002b5c                HAL_GPIO_WritePin
 .text.HAL_GPIO_TogglePin
                0x08002b90       0x24 Drivers/STM32F4xx_HAL_Driver/Src/stm32f4xx_hal_gpio.o
                0x08002b90                HAL_GPIO_TogglePin
 .text.HAL_RCC_OscConfig
                0x08002bb4      0x4b4 Drivers/STM32F4xx_HAL_Driver/Src/stm32f4xx_hal_rcc.o
                0x08002bb4                HAL_RCC_OscConfig
 .text.HAL_RCC_ClockConfig
                0x08003068      0x224 Drivers/STM32F4xx_HAL_Driver/Src/stm32f4xx_hal_rcc.o
                0x08003068                HAL_RCC_ClockConfig
 .text.HAL_RCC_GetSysClockFreq
                0x0800328c       0xfc Drivers/STM32F4xx_HAL_Driver/Src/stm32f4xx_hal_rcc.o
                0x0800328c                HAL_RCC_GetSysClockFreq
 .text.HAL_RCC_GetHCLKFreq
                0x08003388       0x18 Drivers/STM32F4xx_HAL_Driver/Src/stm32f4xx_hal_rcc.o
                0x08003388                HAL_RCC_GetHCLKFreq
 .text.HAL_RCC_GetPCLK1Freq
                0x080033a0       0x44 Drivers/STM32F4xx_HAL_Driver/Src/stm32f4xx_hal_rcc.o
                0x080033a0                HAL_RCC_GetPCLK1Freq
 .text.HAL_RCC_GetPCLK2Freq
                0x080033e4       0x44 Drivers/STM32F4xx_HAL_Driver/Src/stm32f4xx_hal_rcc.o
                0x080033e4                HAL_RCC_GetPCLK2Freq
 .text.HAL_SPI_Init
                0x08003428       0xc8 Drivers/STM32F4xx_HAL_Driver/Src/stm32f4xx_hal_spi.o
                0x08003428                HAL_SPI_Init
 .text.HAL_SPI_Transmit
                0x080034f0      0x278 Drivers/STM32F4xx_HAL_Driver/Src/stm32f4xx_hal_spi.o
                0x080034f0                HAL_SPI_Transmit
 .text.HAL_SPI_Receive
                0x08003768      0x21c Drivers/STM32F4xx_HAL_Driver/Src/stm32f4xx_hal_spi.o
                0x08003768                HAL_SPI_Receive
 .text.HAL_SPI_TransmitReceive
                0x08003984      0x340 Drivers/STM32F4xx_HAL_Driver/Src/stm32f4xx_hal_spi.o
                0x08003984                HAL_SPI_TransmitReceive
 .text.HAL_SPI_IRQHandler
                0x08003cc4      0x1b0 Drivers/STM32F4xx_HAL_Driver/Src/stm32f4xx_hal_spi.o
                0x08003cc4                HAL_SPI_IRQHandler
 .text.HAL_SPI_ErrorCallback
                0x08003e74       0x14 Drivers/STM32F4xx_HAL_Driver/Src/stm32f4xx_hal_spi.o
                0x08003e74                HAL_SPI_ErrorCallback
 .text.SPI_DMAAbortOnError
                0x08003e88       0x28 Drivers/STM32F4xx_HAL_Driver/Src/stm32f4xx_hal_spi.o
 .text.SPI_WaitFlagStateUntilTimeout
                0x08003eb0       0xd4 Drivers/STM32F4xx_HAL_Driver/Src/stm32f4xx_hal_spi.o
 .text.SPI_CheckFlag_BSY
                0x08003f84       0x3c Drivers/STM32F4xx_HAL_Driver/Src/stm32f4xx_hal_spi.o
 .text.HAL_SRAM_Init
                0x08003fc0       0x88 Drivers/STM32F4xx_HAL_Driver/Src/stm32f4xx_hal_sram.o
                0x08003fc0                HAL_SRAM_Init
 .text.HAL_UART_Init
                0x08004048       0x9c Drivers/STM32F4xx_HAL_Driver/Src/stm32f4xx_hal_uart.o
                0x08004048                HAL_UART_Init
 .text.HAL_UART_Transmit
                0x080040e4      0x130 Drivers/STM32F4xx_HAL_Driver/Src/stm32f4xx_hal_uart.o
                0x080040e4                HAL_UART_Transmit
 .text.HAL_UART_Receive
                0x08004214      0x14c Drivers/STM32F4xx_HAL_Driver/Src/stm32f4xx_hal_uart.o
                0x08004214                HAL_UART_Receive
 .text.UART_WaitOnFlagUntilTimeout
                0x08004360       0x94 Drivers/STM32F4xx_HAL_Driver/Src/stm32f4xx_hal_uart.o
 .text.UART_SetConfig
                0x080043f4      0x438 Drivers/STM32F4xx_HAL_Driver/Src/stm32f4xx_hal_uart.o
 .text.FSMC_NORSRAM_Init
                0x0800482c       0xa4 Drivers/STM32F4xx_HAL_Driver/Src/stm32f4xx_ll_fsmc.o
                0x0800482c                FSMC_NORSRAM_Init
 .text.FSMC_NORSRAM_Timing_Init
                0x080048d0       0x7c Drivers/STM32F4xx_HAL_Driver/Src/stm32f4xx_ll_fsmc.o
                0x080048d0                FSMC_NORSRAM_Timing_Init
 .text.FSMC_NORSRAM_Extended_Timing_Init
                0x0800494c       0x80 Drivers/STM32F4xx_HAL_Driver/Src/stm32f4xx_ll_fsmc.o
                0x0800494c                FSMC_NORSRAM_Extended_Timing_Init
 .text.BSP_TP_Init
                0x080049cc       0x14 Src/Ass-02-Lib.o
                0x080049cc                BSP_TP_Init
 .text.BSP_TP_GetDisplayPoint
                0x080049e0       0x3c Src/Ass-02-Lib.o
                0x080049e0                BSP_TP_GetDisplayPoint
 .text.printArrayOfWords
                0x08004a1c       0x6c Src/Ass-02-Q01.o
                0x08004a1c                printArrayOfWords
 .text.freeEverything
                0x08004a88       0x24 Src/Ass-02-Q01.o
                0x08004a88                freeEverything
 .text.analyseKeywords
                0x08004aac      0x260 Src/Ass-02-Q01.o
                0x08004aac                analyseKeywords
 .text.validateAndRunRoot
                0x08004d0c       0x8c Src/Ass-02-Q01.o
                0x08004d0c                validateAndRunRoot
 .text.squareRoot
                0x08004d98       0x5c Src/Ass-02-Q01.o
                0x08004d98                squareRoot
 .text.cubeRoot
                0x08004df4       0x44 Src/Ass-02-Q01.o
                0x08004df4                cubeRoot
 .text.validatePower
                0x08004e38       0x94 Src/Ass-02-Q01.o
                0x08004e38                validatePower
 .text.power    0x08004ecc       0x60 Src/Ass-02-Q01.o
                0x08004ecc                power
 .text.validateModulo
                0x08004f2c       0x84 Src/Ass-02-Q01.o
                0x08004f2c                validateModulo
 .text.modulo   0x08004fb0       0x50 Src/Ass-02-Q01.o
                0x08004fb0                modulo
 .text.checkArgumentLength2
                0x08005000       0x48 Src/Ass-02-Q01.o
                0x08005000                checkArgumentLength2
 .text.checkForNumericArgument2
                0x08005048       0xc8 Src/Ass-02-Q01.o
                0x08005048                checkForNumericArgument2
 .text.validateAddition
                0x08005110       0x7c Src/Ass-02-Q01.o
                0x08005110                validateAddition
 .text.addNumbers
                0x0800518c       0x7c Src/Ass-02-Q01.o
                0x0800518c                addNumbers
 .text.validateSubtraction
                0x08005208       0x7c Src/Ass-02-Q01.o
                0x08005208                validateSubtraction
 .text.subNumbers
                0x08005284       0x94 Src/Ass-02-Q01.o
                0x08005284                subNumbers
 .text.validateMultiplication
                0x08005318       0x7c Src/Ass-02-Q01.o
                0x08005318                validateMultiplication
 .text.mulNumbers
                0x08005394       0x98 Src/Ass-02-Q01.o
                0x08005394                mulNumbers
 .text.validateDivision
                0x0800542c       0x7c Src/Ass-02-Q01.o
                0x0800542c                validateDivision
 .text.divNumbers
                0x080054a8       0xb4 Src/Ass-02-Q01.o
                0x080054a8                divNumbers
 .text.debugMode
                0x0800555c       0xe0 Src/Ass-02-Q01.o
                0x0800555c                debugMode
 .text.helpDesk
                0x0800563c      0x2b8 Src/Ass-02-Q01.o
                0x0800563c                helpDesk
 .text.CommandLineParserInit
                0x080058f4       0x14 Src/Ass-02-Q01.o
                0x080058f4                CommandLineParserInit
 .text.CommandLineParserProcess
                0x08005908      0x138 Src/Ass-02-Q01.o
                0x08005908                CommandLineParserProcess
 .text.string_parser
                0x08005a40      0x2d8 Src/Ass-02-Q01.o
                0x08005a40                string_parser
 .text.CalculatorInit
                0x08005d18      0x168 Src/Ass-02-Q02.o
                0x08005d18                CalculatorInit
 .text.CalculatorProcess
                0x08005e80      0x19c Src/Ass-02-Q02.o
                0x08005e80                CalculatorProcess
 .text.buildButton
                0x0800601c       0x50 Src/Ass-02-Q02.o
                0x0800601c                buildButton
 .text.buttonHere
                0x0800606c       0x54 Src/Ass-02-Q02.o
                0x0800606c                buttonHere
 .text.showButton
                0x080060c0       0x68 Src/Ass-02-Q02.o
                0x080060c0                showButton
 .text.buttonToString
                0x08006128       0x84 Src/Ass-02-Q02.o
                0x08006128                buttonToString
 .text.analyseTouch
                0x080061ac      0xa00 Src/Ass-02-Q02.o
                0x080061ac                analyseTouch
 .text.concatenateButtonText
                0x08006bac       0xc4 Src/Ass-02-Q02.o
                0x08006bac                concatenateButtonText
 .text.doEquals2
                0x08006c70      0x7f4 Src/Ass-02-Q02.o
                0x08006c70                doEquals2
 .text.compute  0x08007464       0xc0 Src/Ass-02-Q02.o
                0x08007464                compute
 .text.isOperator
                0x08007524       0x34 Src/Ass-02-Q02.o
                0x08007524                isOperator
 .text.Ass_02_Main
                0x08007558       0x3c Src/Ass-02.o
                0x08007558                Ass_02_Main
 .text.MX_FSMC_Init
                0x08007594       0xac Src/fsmc.o
                0x08007594                MX_FSMC_Init
 .text.HAL_FSMC_MspInit
                0x08007640       0x8c Src/fsmc.o
 .text.HAL_SRAM_MspInit
                0x080076cc       0x14 Src/fsmc.o
                0x080076cc                HAL_SRAM_MspInit
 .text.MX_GPIO_Init
                0x080076e0      0x2fc Src/gpio.o
                0x080076e0                MX_GPIO_Init
 .text.main     0x080079dc       0x58 Src/main.o
                0x080079dc                main
 .text.SystemClock_Config
                0x08007a34       0xe0 Src/main.o
                0x08007a34                SystemClock_Config
 .text.Error_Handler
                0x08007b14        0x8 Src/main.o
                0x08007b14                Error_Handler
 .text.MX_SPI2_Init
                0x08007b1c       0x6c Src/spi.o
                0x08007b1c                MX_SPI2_Init
 .text.HAL_SPI_MspInit
                0x08007b88       0x74 Src/spi.o
                0x08007b88                HAL_SPI_MspInit
 .text.HAL_MspInit
                0x08007bfc       0x64 Src/stm32f4xx_hal_msp.o
                0x08007bfc                HAL_MspInit
 .text.NMI_Handler
                0x08007c60       0x10 Src/stm32f4xx_it.o
                0x08007c60                NMI_Handler
 .text.HardFault_Handler
                0x08007c70        0x8 Src/stm32f4xx_it.o
                0x08007c70                HardFault_Handler
 .text.MemManage_Handler
                0x08007c78        0x8 Src/stm32f4xx_it.o
                0x08007c78                MemManage_Handler
 .text.BusFault_Handler
                0x08007c80        0x8 Src/stm32f4xx_it.o
                0x08007c80                BusFault_Handler
 .text.UsageFault_Handler
                0x08007c88        0x8 Src/stm32f4xx_it.o
                0x08007c88                UsageFault_Handler
 .text.SVC_Handler
                0x08007c90       0x10 Src/stm32f4xx_it.o
                0x08007c90                SVC_Handler
 .text.DebugMon_Handler
                0x08007ca0       0x10 Src/stm32f4xx_it.o
                0x08007ca0                DebugMon_Handler
 .text.PendSV_Handler
                0x08007cb0       0x10 Src/stm32f4xx_it.o
                0x08007cb0                PendSV_Handler
 .text.SysTick_Handler
                0x08007cc0       0x10 Src/stm32f4xx_it.o
                0x08007cc0                SysTick_Handler
 .text.SPI2_IRQHandler
                0x08007cd0       0x14 Src/stm32f4xx_it.o
                0x08007cd0                SPI2_IRQHandler
 .text._read    0x08007ce4       0x3c Src/syscalls.o
                0x08007ce4                _read
 .text._write   0x08007d20       0x38 Src/syscalls.o
                0x08007d20                _write
 .text._sbrk    0x08007d58       0x58 Src/syscalls.o
                0x08007d58                _sbrk
 .text._close   0x08007db0       0x18 Src/syscalls.o
                0x08007db0                _close
 .text._fstat   0x08007dc8       0x20 Src/syscalls.o
                0x08007dc8                _fstat
 .text._isatty  0x08007de8       0x18 Src/syscalls.o
                0x08007de8                _isatty
 .text._lseek   0x08007e00       0x1c Src/syscalls.o
                0x08007e00                _lseek
 .text.SystemInit
                0x08007e1c       0x6c Src/system_stm32f4xx.o
                0x08007e1c                SystemInit
 .text.MX_USART2_UART_Init
                0x08007e88       0x54 Src/usart.o
                0x08007e88                MX_USART2_UART_Init
 .text.HAL_UART_MspInit
                0x08007edc       0x64 Src/usart.o
                0x08007edc                HAL_UART_MspInit
 .text.__io_putchar
                0x08007f40       0x24 Src/usart.o
                0x08007f40                __io_putchar
 .text.__io_getchar
                0x08007f64       0x28 Src/usart.o
                0x08007f64                __io_getchar
 .text.Reset_Handler
                0x08007f8c       0x50 startup/startup_stm32f407xx.o
                0x08007f8c                Reset_Handler
 .text.Default_Handler
                0x08007fdc        0x2 startup/startup_stm32f407xx.o
                0x08007fdc                RTC_Alarm_IRQHandler
                0x08007fdc                HASH_RNG_IRQHandler
                0x08007fdc                EXTI2_IRQHandler
                0x08007fdc                TIM8_CC_IRQHandler
                0x08007fdc                TIM1_CC_IRQHandler
                0x08007fdc                DMA2_Stream5_IRQHandler
                0x08007fdc                DMA1_Stream5_IRQHandler
                0x08007fdc                PVD_IRQHandler
                0x08007fdc                SDIO_IRQHandler
                0x08007fdc                TAMP_STAMP_IRQHandler
                0x08007fdc                CAN2_RX1_IRQHandler
                0x08007fdc                EXTI3_IRQHandler
                0x08007fdc                TIM8_TRG_COM_TIM14_IRQHandler
                0x08007fdc                TIM1_UP_TIM10_IRQHandler
                0x08007fdc                TIM8_UP_TIM13_IRQHandler
                0x08007fdc                I2C3_ER_IRQHandler
                0x08007fdc                EXTI0_IRQHandler
                0x08007fdc                I2C2_EV_IRQHandler
                0x08007fdc                DMA1_Stream2_IRQHandler
                0x08007fdc                CAN1_RX0_IRQHandler
                0x08007fdc                FPU_IRQHandler
                0x08007fdc                OTG_HS_WKUP_IRQHandler
                0x08007fdc                CAN2_SCE_IRQHandler
                0x08007fdc                DMA2_Stream2_IRQHandler
                0x08007fdc                SPI1_IRQHandler
                0x08007fdc                TIM6_DAC_IRQHandler
                0x08007fdc                TIM1_BRK_TIM9_IRQHandler
                0x08007fdc                DCMI_IRQHandler
                0x08007fdc                CAN2_RX0_IRQHandler
                0x08007fdc                DMA2_Stream3_IRQHandler
                0x08007fdc                USART6_IRQHandler
                0x08007fdc                USART3_IRQHandler
                0x08007fdc                CAN1_RX1_IRQHandler
                0x08007fdc                UART5_IRQHandler
                0x08007fdc                DMA2_Stream0_IRQHandler
                0x08007fdc                TIM4_IRQHandler
                0x08007fdc                I2C1_EV_IRQHandler
                0x08007fdc                DMA1_Stream6_IRQHandler
                0x08007fdc                DMA1_Stream1_IRQHandler
                0x08007fdc                UART4_IRQHandler
                0x08007fdc                TIM3_IRQHandler
                0x08007fdc                RCC_IRQHandler
                0x08007fdc                TIM8_BRK_TIM12_IRQHandler
                0x08007fdc                Default_Handler
                0x08007fdc                EXTI15_10_IRQHandler
                0x08007fdc                ADC_IRQHandler
                0x08007fdc                DMA1_Stream7_IRQHandler
                0x08007fdc                TIM7_IRQHandler
                0x08007fdc                CAN2_TX_IRQHandler
                0x08007fdc                TIM5_IRQHandler
                0x08007fdc                DMA2_Stream7_IRQHandler
                0x08007fdc                I2C3_EV_IRQHandler
                0x08007fdc                EXTI9_5_IRQHandler
                0x08007fdc                RTC_WKUP_IRQHandler
                0x08007fdc                ETH_WKUP_IRQHandler
                0x08007fdc                OTG_HS_EP1_IN_IRQHandler
                0x08007fdc                DMA1_Stream0_IRQHandler
                0x08007fdc                CAN1_TX_IRQHandler
                0x08007fdc                EXTI4_IRQHandler
                0x08007fdc                FSMC_IRQHandler
                0x08007fdc                ETH_IRQHandler
                0x08007fdc                OTG_HS_EP1_OUT_IRQHandler
                0x08007fdc                WWDG_IRQHandler
                0x08007fdc                TIM2_IRQHandler
                0x08007fdc                OTG_FS_WKUP_IRQHandler
                0x08007fdc                TIM1_TRG_COM_TIM11_IRQHandler
                0x08007fdc                OTG_HS_IRQHandler
                0x08007fdc                EXTI1_IRQHandler
                0x08007fdc                USART2_IRQHandler
                0x08007fdc                I2C2_ER_IRQHandler
                0x08007fdc                DMA2_Stream1_IRQHandler
                0x08007fdc                CAN1_SCE_IRQHandler
                0x08007fdc                FLASH_IRQHandler
                0x08007fdc                DMA2_Stream4_IRQHandler
                0x08007fdc                USART1_IRQHandler
                0x08007fdc                OTG_FS_IRQHandler
                0x08007fdc                SPI3_IRQHandler
                0x08007fdc                DMA1_Stream4_IRQHandler
                0x08007fdc                I2C1_ER_IRQHandler
                0x08007fdc                DMA2_Stream6_IRQHandler
                0x08007fdc                DMA1_Stream3_IRQHandler
 *fill*         0x08007fde        0x2 
 .text.__errno  0x08007fe0        0xc c:/ac6/systemworkbench/plugins/fr.ac6.mcu.externaltools.arm-none.win32_1.13.2.201703061525/tools/compiler/bin/../lib/gcc/arm-none-eabi/5.4.1/../../../../arm-none-eabi/lib/armv7e-m/fpu\libc_nano.a(lib_a-errno.o)
                0x08007fe0                __errno
 .text.__libc_init_array
                0x08007fec       0x4c c:/ac6/systemworkbench/plugins/fr.ac6.mcu.externaltools.arm-none.win32_1.13.2.201703061525/tools/compiler/bin/../lib/gcc/arm-none-eabi/5.4.1/../../../../arm-none-eabi/lib/armv7e-m/fpu\libc_nano.a(lib_a-init.o)
                0x08007fec                __libc_init_array
 .text.malloc   0x08008038       0x10 c:/ac6/systemworkbench/plugins/fr.ac6.mcu.externaltools.arm-none.win32_1.13.2.201703061525/tools/compiler/bin/../lib/gcc/arm-none-eabi/5.4.1/../../../../arm-none-eabi/lib/armv7e-m/fpu\libc_nano.a(lib_a-malloc.o)
                0x08008038                malloc
 .text.free     0x08008048       0x10 c:/ac6/systemworkbench/plugins/fr.ac6.mcu.externaltools.arm-none.win32_1.13.2.201703061525/tools/compiler/bin/../lib/gcc/arm-none-eabi/5.4.1/../../../../arm-none-eabi/lib/armv7e-m/fpu\libc_nano.a(lib_a-malloc.o)
                0x08008048                free
 .text.memset   0x08008058       0x10 c:/ac6/systemworkbench/plugins/fr.ac6.mcu.externaltools.arm-none.win32_1.13.2.201703061525/tools/compiler/bin/../lib/gcc/arm-none-eabi/5.4.1/../../../../arm-none-eabi/lib/armv7e-m/fpu\libc_nano.a(lib_a-memset.o)
                0x08008058                memset
 .text._free_r  0x08008068       0x9c c:/ac6/systemworkbench/plugins/fr.ac6.mcu.externaltools.arm-none.win32_1.13.2.201703061525/tools/compiler/bin/../lib/gcc/arm-none-eabi/5.4.1/../../../../arm-none-eabi/lib/armv7e-m/fpu\libc_nano.a(lib_a-nano-freer.o)
                0x08008068                _free_r
 .text._malloc_r
                0x08008104       0xbc c:/ac6/systemworkbench/plugins/fr.ac6.mcu.externaltools.arm-none.win32_1.13.2.201703061525/tools/compiler/bin/../lib/gcc/arm-none-eabi/5.4.1/../../../../arm-none-eabi/lib/armv7e-m/fpu\libc_nano.a(lib_a-nano-mallocr.o)
                0x08008104                _malloc_r
 .text.__cvt    0x080081c0       0xc8 c:/ac6/systemworkbench/plugins/fr.ac6.mcu.externaltools.arm-none.win32_1.13.2.201703061525/tools/compiler/bin/../lib/gcc/arm-none-eabi/5.4.1/../../../../arm-none-eabi/lib/armv7e-m/fpu\libc_nano.a(lib_a-nano-vfprintf_float.o)
                0x080081c0                __cvt
 .text.__exponent
                0x08008288       0x60 c:/ac6/systemworkbench/plugins/fr.ac6.mcu.externaltools.arm-none.win32_1.13.2.201703061525/tools/compiler/bin/../lib/gcc/arm-none-eabi/5.4.1/../../../../arm-none-eabi/lib/armv7e-m/fpu\libc_nano.a(lib_a-nano-vfprintf_float.o)
                0x08008288                __exponent
 .text._printf_float
                0x080082e8      0x47c c:/ac6/systemworkbench/plugins/fr.ac6.mcu.externaltools.arm-none.win32_1.13.2.201703061525/tools/compiler/bin/../lib/gcc/arm-none-eabi/5.4.1/../../../../arm-none-eabi/lib/armv7e-m/fpu\libc_nano.a(lib_a-nano-vfprintf_float.o)
                0x080082e8                _printf_float
 .text._printf_common
                0x08008764       0xec c:/ac6/systemworkbench/plugins/fr.ac6.mcu.externaltools.arm-none.win32_1.13.2.201703061525/tools/compiler/bin/../lib/gcc/arm-none-eabi/5.4.1/../../../../arm-none-eabi/lib/armv7e-m/fpu\libc_nano.a(lib_a-nano-vfprintf_i.o)
                0x08008764                _printf_common
 .text._printf_i
                0x08008850      0x24c c:/ac6/systemworkbench/plugins/fr.ac6.mcu.externaltools.arm-none.win32_1.13.2.201703061525/tools/compiler/bin/../lib/gcc/arm-none-eabi/5.4.1/../../../../arm-none-eabi/lib/armv7e-m/fpu\libc_nano.a(lib_a-nano-vfprintf_i.o)
                0x08008850                _printf_i
 .text._scanf_float
                0x08008a9c      0x3c0 c:/ac6/systemworkbench/plugins/fr.ac6.mcu.externaltools.arm-none.win32_1.13.2.201703061525/tools/compiler/bin/../lib/gcc/arm-none-eabi/5.4.1/../../../../arm-none-eabi/lib/armv7e-m/fpu\libc_nano.a(lib_a-nano-vfscanf_float.o)
                0x08008a9c                _scanf_float
 .text.printf   0x08008e5c       0x30 c:/ac6/systemworkbench/plugins/fr.ac6.mcu.externaltools.arm-none.win32_1.13.2.201703061525/tools/compiler/bin/../lib/gcc/arm-none-eabi/5.4.1/../../../../arm-none-eabi/lib/armv7e-m/fpu\libc_nano.a(lib_a-printf.o)
                0x08008e5c                iprintf
                0x08008e5c                printf
 .text.putchar  0x08008e8c       0x28 c:/ac6/systemworkbench/plugins/fr.ac6.mcu.externaltools.arm-none.win32_1.13.2.201703061525/tools/compiler/bin/../lib/gcc/arm-none-eabi/5.4.1/../../../../arm-none-eabi/lib/armv7e-m/fpu\libc_nano.a(lib_a-putchar.o)
                0x08008e8c                putchar
 .text._puts_r  0x08008eb4       0xb4 c:/ac6/systemworkbench/plugins/fr.ac6.mcu.externaltools.arm-none.win32_1.13.2.201703061525/tools/compiler/bin/../lib/gcc/arm-none-eabi/5.4.1/../../../../arm-none-eabi/lib/armv7e-m/fpu\libc_nano.a(lib_a-puts.o)
                0x08008eb4                _puts_r
 .text.puts     0x08008f68       0x10 c:/ac6/systemworkbench/plugins/fr.ac6.mcu.externaltools.arm-none.win32_1.13.2.201703061525/tools/compiler/bin/../lib/gcc/arm-none-eabi/5.4.1/../../../../arm-none-eabi/lib/armv7e-m/fpu\libc_nano.a(lib_a-puts.o)
                0x08008f68                puts
 .text.realloc  0x08008f78       0x10 c:/ac6/systemworkbench/plugins/fr.ac6.mcu.externaltools.arm-none.win32_1.13.2.201703061525/tools/compiler/bin/../lib/gcc/arm-none-eabi/5.4.1/../../../../arm-none-eabi/lib/armv7e-m/fpu\libc_nano.a(lib_a-realloc.o)
                0x08008f78                realloc
 .text.__srget_r
                0x08008f88       0x58 c:/ac6/systemworkbench/plugins/fr.ac6.mcu.externaltools.arm-none.win32_1.13.2.201703061525/tools/compiler/bin/../lib/gcc/arm-none-eabi/5.4.1/../../../../arm-none-eabi/lib/armv7e-m/fpu\libc_nano.a(lib_a-rget.o)
                0x08008f88                __srget_r
 .text._sbrk_r  0x08008fe0       0x20 c:/ac6/systemworkbench/plugins/fr.ac6.mcu.externaltools.arm-none.win32_1.13.2.201703061525/tools/compiler/bin/../lib/gcc/arm-none-eabi/5.4.1/../../../../arm-none-eabi/lib/armv7e-m/fpu\libc_nano.a(lib_a-sbrkr.o)
                0x08008fe0                _sbrk_r
 .text.setvbuf  0x08009000      0x154 c:/ac6/systemworkbench/plugins/fr.ac6.mcu.externaltools.arm-none.win32_1.13.2.201703061525/tools/compiler/bin/../lib/gcc/arm-none-eabi/5.4.1/../../../../arm-none-eabi/lib/armv7e-m/fpu\libc_nano.a(lib_a-setvbuf.o)
                0x08009000                setvbuf
 .text.nanf     0x08009154        0xc c:/ac6/systemworkbench/plugins/fr.ac6.mcu.externaltools.arm-none.win32_1.13.2.201703061525/tools/compiler/bin/../lib/gcc/arm-none-eabi/5.4.1/../../../../arm-none-eabi/lib/armv7e-m/fpu\libc_nano.a(lib_a-sf_nan.o)
                0x08009154                nanf
 .text.snprintf
                0x08009160       0x64 c:/ac6/systemworkbench/plugins/fr.ac6.mcu.externaltools.arm-none.win32_1.13.2.201703061525/tools/compiler/bin/../lib/gcc/arm-none-eabi/5.4.1/../../../../arm-none-eabi/lib/armv7e-m/fpu\libc_nano.a(lib_a-snprintf.o)
                0x08009160                sniprintf
                0x08009160                snprintf
 .text.sprintf  0x080091c4       0x48 c:/ac6/systemworkbench/plugins/fr.ac6.mcu.externaltools.arm-none.win32_1.13.2.201703061525/tools/compiler/bin/../lib/gcc/arm-none-eabi/5.4.1/../../../../arm-none-eabi/lib/armv7e-m/fpu\libc_nano.a(lib_a-sprintf.o)
                0x080091c4                siprintf
                0x080091c4                sprintf
 .text.sscanf   0x0800920c       0x54 c:/ac6/systemworkbench/plugins/fr.ac6.mcu.externaltools.arm-none.win32_1.13.2.201703061525/tools/compiler/bin/../lib/gcc/arm-none-eabi/5.4.1/../../../../arm-none-eabi/lib/armv7e-m/fpu\libc_nano.a(lib_a-sscanf.o)
                0x0800920c                siscanf
                0x0800920c                sscanf
 .text.__sread  0x08009260       0x22 c:/ac6/systemworkbench/plugins/fr.ac6.mcu.externaltools.arm-none.win32_1.13.2.201703061525/tools/compiler/bin/../lib/gcc/arm-none-eabi/5.4.1/../../../../arm-none-eabi/lib/armv7e-m/fpu\libc_nano.a(lib_a-stdio.o)
                0x08009260                __sread
 .text.__seofread
                0x08009282        0x4 c:/ac6/systemworkbench/plugins/fr.ac6.mcu.externaltools.arm-none.win32_1.13.2.201703061525/tools/compiler/bin/../lib/gcc/arm-none-eabi/5.4.1/../../../../arm-none-eabi/lib/armv7e-m/fpu\libc_nano.a(lib_a-stdio.o)
                0x08009282                __seofread
 .text.__swrite
                0x08009286       0x38 c:/ac6/systemworkbench/plugins/fr.ac6.mcu.externaltools.arm-none.win32_1.13.2.201703061525/tools/compiler/bin/../lib/gcc/arm-none-eabi/5.4.1/../../../../arm-none-eabi/lib/armv7e-m/fpu\libc_nano.a(lib_a-stdio.o)
                0x08009286                __swrite
 .text.__sseek  0x080092be       0x24 c:/ac6/systemworkbench/plugins/fr.ac6.mcu.externaltools.arm-none.win32_1.13.2.201703061525/tools/compiler/bin/../lib/gcc/arm-none-eabi/5.4.1/../../../../arm-none-eabi/lib/armv7e-m/fpu\libc_nano.a(lib_a-stdio.o)
                0x080092be                __sseek
 .text.__sclose
                0x080092e2        0x8 c:/ac6/systemworkbench/plugins/fr.ac6.mcu.externaltools.arm-none.win32_1.13.2.201703061525/tools/compiler/bin/../lib/gcc/arm-none-eabi/5.4.1/../../../../arm-none-eabi/lib/armv7e-m/fpu\libc_nano.a(lib_a-stdio.o)
                0x080092e2                __sclose
 .text.strcat   0x080092ea       0x1e c:/ac6/systemworkbench/plugins/fr.ac6.mcu.externaltools.arm-none.win32_1.13.2.201703061525/tools/compiler/bin/../lib/gcc/arm-none-eabi/5.4.1/../../../../arm-none-eabi/lib/armv7e-m/fpu\libc_nano.a(lib_a-strcat.o)
                0x080092ea                strcat
 .text.strcpy   0x08009308       0x10 c:/ac6/systemworkbench/plugins/fr.ac6.mcu.externaltools.arm-none.win32_1.13.2.201703061525/tools/compiler/bin/../lib/gcc/arm-none-eabi/5.4.1/../../../../arm-none-eabi/lib/armv7e-m/fpu\libc_nano.a(lib_a-strcpy.o)
                0x08009308                strcpy
 .text.strncpy  0x08009318       0x26 c:/ac6/systemworkbench/plugins/fr.ac6.mcu.externaltools.arm-none.win32_1.13.2.201703061525/tools/compiler/bin/../lib/gcc/arm-none-eabi/5.4.1/../../../../arm-none-eabi/lib/armv7e-m/fpu\libc_nano.a(lib_a-strncpy.o)
                0x08009318                strncpy
 .text.unlikely.sulp
                0x0800933e       0x38 c:/ac6/systemworkbench/plugins/fr.ac6.mcu.externaltools.arm-none.win32_1.13.2.201703061525/tools/compiler/bin/../lib/gcc/arm-none-eabi/5.4.1/../../../../arm-none-eabi/lib/armv7e-m/fpu\libc_nano.a(lib_a-strtod.o)
 *fill*         0x08009376        0x2 
 .text._strtod_l
                0x08009378      0xbf0 c:/ac6/systemworkbench/plugins/fr.ac6.mcu.externaltools.arm-none.win32_1.13.2.201703061525/tools/compiler/bin/../lib/gcc/arm-none-eabi/5.4.1/../../../../arm-none-eabi/lib/armv7e-m/fpu\libc_nano.a(lib_a-strtod.o)
                0x08009378                _strtod_l
 .text._strtod_r
                0x08009f68       0x20 c:/ac6/systemworkbench/plugins/fr.ac6.mcu.externaltools.arm-none.win32_1.13.2.201703061525/tools/compiler/bin/../lib/gcc/arm-none-eabi/5.4.1/../../../../arm-none-eabi/lib/armv7e-m/fpu\libc_nano.a(lib_a-strtod.o)
                0x08009f68                _strtod_r
 .text.strtof   0x08009f88       0x50 c:/ac6/systemworkbench/plugins/fr.ac6.mcu.externaltools.arm-none.win32_1.13.2.201703061525/tools/compiler/bin/../lib/gcc/arm-none-eabi/5.4.1/../../../../arm-none-eabi/lib/armv7e-m/fpu\libc_nano.a(lib_a-strtod.o)
                0x08009f88                strtof
 .text._strtol_l.isra.0
                0x08009fd8      0x110 c:/ac6/systemworkbench/plugins/fr.ac6.mcu.externaltools.arm-none.win32_1.13.2.201703061525/tools/compiler/bin/../lib/gcc/arm-none-eabi/5.4.1/../../../../arm-none-eabi/lib/armv7e-m/fpu\libc_nano.a(lib_a-strtol.o)
 .text._strtol_r
                0x0800a0e8       0x24 c:/ac6/systemworkbench/plugins/fr.ac6.mcu.externaltools.arm-none.win32_1.13.2.201703061525/tools/compiler/bin/../lib/gcc/arm-none-eabi/5.4.1/../../../../arm-none-eabi/lib/armv7e-m/fpu\libc_nano.a(lib_a-strtol.o)
                0x0800a0e8                _strtol_r
 .text.__swbuf_r
                0x0800a10c       0xa8 c:/ac6/systemworkbench/plugins/fr.ac6.mcu.externaltools.arm-none.win32_1.13.2.201703061525/tools/compiler/bin/../lib/gcc/arm-none-eabi/5.4.1/../../../../arm-none-eabi/lib/armv7e-m/fpu\libc_nano.a(lib_a-wbuf.o)
                0x0800a10c                __swbuf_r
 .text._write_r
                0x0800a1b4       0x24 c:/ac6/systemworkbench/plugins/fr.ac6.mcu.externaltools.arm-none.win32_1.13.2.201703061525/tools/compiler/bin/../lib/gcc/arm-none-eabi/5.4.1/../../../../arm-none-eabi/lib/armv7e-m/fpu\libc_nano.a(lib_a-writer.o)
                0x0800a1b4                _write_r
 .text.__swsetup_r
                0x0800a1d8       0xdc c:/ac6/systemworkbench/plugins/fr.ac6.mcu.externaltools.arm-none.win32_1.13.2.201703061525/tools/compiler/bin/../lib/gcc/arm-none-eabi/5.4.1/../../../../arm-none-eabi/lib/armv7e-m/fpu\libc_nano.a(lib_a-wsetup.o)
                0x0800a1d8                __swsetup_r
 .text._close_r
                0x0800a2b4       0x20 c:/ac6/systemworkbench/plugins/fr.ac6.mcu.externaltools.arm-none.win32_1.13.2.201703061525/tools/compiler/bin/../lib/gcc/arm-none-eabi/5.4.1/../../../../arm-none-eabi/lib/armv7e-m/fpu\libc_nano.a(lib_a-closer.o)
                0x0800a2b4                _close_r
 .text.quorem   0x0800a2d4      0x11e c:/ac6/systemworkbench/plugins/fr.ac6.mcu.externaltools.arm-none.win32_1.13.2.201703061525/tools/compiler/bin/../lib/gcc/arm-none-eabi/5.4.1/../../../../arm-none-eabi/lib/armv7e-m/fpu\libc_nano.a(lib_a-dtoa.o)
 *fill*         0x0800a3f2        0x6 
 .text._dtoa_r  0x0800a3f8      0xb40 c:/ac6/systemworkbench/plugins/fr.ac6.mcu.externaltools.arm-none.win32_1.13.2.201703061525/tools/compiler/bin/../lib/gcc/arm-none-eabi/5.4.1/../../../../arm-none-eabi/lib/armv7e-m/fpu\libc_nano.a(lib_a-dtoa.o)
                0x0800a3f8                _dtoa_r
 .text.__sflush_r
                0x0800af38      0x110 c:/ac6/systemworkbench/plugins/fr.ac6.mcu.externaltools.arm-none.win32_1.13.2.201703061525/tools/compiler/bin/../lib/gcc/arm-none-eabi/5.4.1/../../../../arm-none-eabi/lib/armv7e-m/fpu\libc_nano.a(lib_a-fflush.o)
                0x0800af38                __sflush_r
 .text._fflush_r
                0x0800b048       0x54 c:/ac6/systemworkbench/plugins/fr.ac6.mcu.externaltools.arm-none.win32_1.13.2.201703061525/tools/compiler/bin/../lib/gcc/arm-none-eabi/5.4.1/../../../../arm-none-eabi/lib/armv7e-m/fpu\libc_nano.a(lib_a-fflush.o)
                0x0800b048                _fflush_r
 .text.fflush   0x0800b09c       0x24 c:/ac6/systemworkbench/plugins/fr.ac6.mcu.externaltools.arm-none.win32_1.13.2.201703061525/tools/compiler/bin/../lib/gcc/arm-none-eabi/5.4.1/../../../../arm-none-eabi/lib/armv7e-m/fpu\libc_nano.a(lib_a-fflush.o)
                0x0800b09c                fflush
 .text._cleanup_r
                0x0800b0c0        0xc c:/ac6/systemworkbench/plugins/fr.ac6.mcu.externaltools.arm-none.win32_1.13.2.201703061525/tools/compiler/bin/../lib/gcc/arm-none-eabi/5.4.1/../../../../arm-none-eabi/lib/armv7e-m/fpu\libc_nano.a(lib_a-findfp.o)
                0x0800b0c0                _cleanup_r
 .text.std.isra.0
                0x0800b0cc       0x48 c:/ac6/systemworkbench/plugins/fr.ac6.mcu.externaltools.arm-none.win32_1.13.2.201703061525/tools/compiler/bin/../lib/gcc/arm-none-eabi/5.4.1/../../../../arm-none-eabi/lib/armv7e-m/fpu\libc_nano.a(lib_a-findfp.o)
 .text.__sfmoreglue
                0x0800b114       0x2c c:/ac6/systemworkbench/plugins/fr.ac6.mcu.externaltools.arm-none.win32_1.13.2.201703061525/tools/compiler/bin/../lib/gcc/arm-none-eabi/5.4.1/../../../../arm-none-eabi/lib/armv7e-m/fpu\libc_nano.a(lib_a-findfp.o)
                0x0800b114                __sfmoreglue
 .text.__sinit  0x0800b140       0x60 c:/ac6/systemworkbench/plugins/fr.ac6.mcu.externaltools.arm-none.win32_1.13.2.201703061525/tools/compiler/bin/../lib/gcc/arm-none-eabi/5.4.1/../../../../arm-none-eabi/lib/armv7e-m/fpu\libc_nano.a(lib_a-findfp.o)
                0x0800b140                __sinit
 .text.__sfp    0x0800b1a0       0x78 c:/ac6/systemworkbench/plugins/fr.ac6.mcu.externaltools.arm-none.win32_1.13.2.201703061525/tools/compiler/bin/../lib/gcc/arm-none-eabi/5.4.1/../../../../arm-none-eabi/lib/armv7e-m/fpu\libc_nano.a(lib_a-findfp.o)
                0x0800b1a0                __sfp
 .text._fwalk   0x0800b218       0x38 c:/ac6/systemworkbench/plugins/fr.ac6.mcu.externaltools.arm-none.win32_1.13.2.201703061525/tools/compiler/bin/../lib/gcc/arm-none-eabi/5.4.1/../../../../arm-none-eabi/lib/armv7e-m/fpu\libc_nano.a(lib_a-fwalk.o)
                0x0800b218                _fwalk
 .text._fwalk_reent
                0x0800b250       0x3c c:/ac6/systemworkbench/plugins/fr.ac6.mcu.externaltools.arm-none.win32_1.13.2.201703061525/tools/compiler/bin/../lib/gcc/arm-none-eabi/5.4.1/../../../../arm-none-eabi/lib/armv7e-m/fpu\libc_nano.a(lib_a-fwalk.o)
                0x0800b250                _fwalk_reent
 .text.rshift   0x0800b28c       0x6c c:/ac6/systemworkbench/plugins/fr.ac6.mcu.externaltools.arm-none.win32_1.13.2.201703061525/tools/compiler/bin/../lib/gcc/arm-none-eabi/5.4.1/../../../../arm-none-eabi/lib/armv7e-m/fpu\libc_nano.a(lib_a-gdtoa-gethex.o)
 .text.__hexdig_fun
                0x0800b2f8       0x2a c:/ac6/systemworkbench/plugins/fr.ac6.mcu.externaltools.arm-none.win32_1.13.2.201703061525/tools/compiler/bin/../lib/gcc/arm-none-eabi/5.4.1/../../../../arm-none-eabi/lib/armv7e-m/fpu\libc_nano.a(lib_a-gdtoa-gethex.o)
                0x0800b2f8                __hexdig_fun
 .text.__gethex
                0x0800b322      0x440 c:/ac6/systemworkbench/plugins/fr.ac6.mcu.externaltools.arm-none.win32_1.13.2.201703061525/tools/compiler/bin/../lib/gcc/arm-none-eabi/5.4.1/../../../../arm-none-eabi/lib/armv7e-m/fpu\libc_nano.a(lib_a-gdtoa-gethex.o)
                0x0800b322                __gethex
 .text.L_shift  0x0800b762       0x24 c:/ac6/systemworkbench/plugins/fr.ac6.mcu.externaltools.arm-none.win32_1.13.2.201703061525/tools/compiler/bin/../lib/gcc/arm-none-eabi/5.4.1/../../../../arm-none-eabi/lib/armv7e-m/fpu\libc_nano.a(lib_a-gdtoa-hexnan.o)
 .text.__match  0x0800b786       0x26 c:/ac6/systemworkbench/plugins/fr.ac6.mcu.externaltools.arm-none.win32_1.13.2.201703061525/tools/compiler/bin/../lib/gcc/arm-none-eabi/5.4.1/../../../../arm-none-eabi/lib/armv7e-m/fpu\libc_nano.a(lib_a-gdtoa-hexnan.o)
                0x0800b786                __match
 .text.__hexnan
                0x0800b7ac      0x11c c:/ac6/systemworkbench/plugins/fr.ac6.mcu.externaltools.arm-none.win32_1.13.2.201703061525/tools/compiler/bin/../lib/gcc/arm-none-eabi/5.4.1/../../../../arm-none-eabi/lib/armv7e-m/fpu\libc_nano.a(lib_a-gdtoa-hexnan.o)
                0x0800b7ac                __hexnan
 .text.__get_current_locale
                0x0800b8c8       0x18 c:/ac6/systemworkbench/plugins/fr.ac6.mcu.externaltools.arm-none.win32_1.13.2.201703061525/tools/compiler/bin/../lib/gcc/arm-none-eabi/5.4.1/../../../../arm-none-eabi/lib/armv7e-m/fpu\libc_nano.a(lib_a-locale.o)
 .text.__locale_ctype_ptr_l
                0x0800b8e0        0x6 c:/ac6/systemworkbench/plugins/fr.ac6.mcu.externaltools.arm-none.win32_1.13.2.201703061525/tools/compiler/bin/../lib/gcc/arm-none-eabi/5.4.1/../../../../arm-none-eabi/lib/armv7e-m/fpu\libc_nano.a(lib_a-locale.o)
                0x0800b8e0                __locale_ctype_ptr_l
 *fill*         0x0800b8e6        0x2 
 .text.__locale_ctype_ptr
                0x0800b8e8       0x14 c:/ac6/systemworkbench/plugins/fr.ac6.mcu.externaltools.arm-none.win32_1.13.2.201703061525/tools/compiler/bin/../lib/gcc/arm-none-eabi/5.4.1/../../../../arm-none-eabi/lib/armv7e-m/fpu\libc_nano.a(lib_a-locale.o)
                0x0800b8e8                __locale_ctype_ptr
 .text.__localeconv_l
                0x0800b8fc        0x4 c:/ac6/systemworkbench/plugins/fr.ac6.mcu.externaltools.arm-none.win32_1.13.2.201703061525/tools/compiler/bin/../lib/gcc/arm-none-eabi/5.4.1/../../../../arm-none-eabi/lib/armv7e-m/fpu\libc_nano.a(lib_a-localeconv.o)
                0x0800b8fc                __localeconv_l
 .text._localeconv_r
                0x0800b900       0x1c c:/ac6/systemworkbench/plugins/fr.ac6.mcu.externaltools.arm-none.win32_1.13.2.201703061525/tools/compiler/bin/../lib/gcc/arm-none-eabi/5.4.1/../../../../arm-none-eabi/lib/armv7e-m/fpu\libc_nano.a(lib_a-localeconv.o)
                0x0800b900                _localeconv_r
 .text._lseek_r
                0x0800b91c       0x24 c:/ac6/systemworkbench/plugins/fr.ac6.mcu.externaltools.arm-none.win32_1.13.2.201703061525/tools/compiler/bin/../lib/gcc/arm-none-eabi/5.4.1/../../../../arm-none-eabi/lib/armv7e-m/fpu\libc_nano.a(lib_a-lseekr.o)
                0x0800b91c                _lseek_r
 .text.__swhatbuf_r
                0x0800b940       0x46 c:/ac6/systemworkbench/plugins/fr.ac6.mcu.externaltools.arm-none.win32_1.13.2.201703061525/tools/compiler/bin/../lib/gcc/arm-none-eabi/5.4.1/../../../../arm-none-eabi/lib/armv7e-m/fpu\libc_nano.a(lib_a-makebuf.o)
                0x0800b940                __swhatbuf_r
 *fill*         0x0800b986        0x2 
 .text.__smakebuf_r
                0x0800b988       0x78 c:/ac6/systemworkbench/plugins/fr.ac6.mcu.externaltools.arm-none.win32_1.13.2.201703061525/tools/compiler/bin/../lib/gcc/arm-none-eabi/5.4.1/../../../../arm-none-eabi/lib/armv7e-m/fpu\libc_nano.a(lib_a-makebuf.o)
                0x0800b988                __smakebuf_r
 .text.__ascii_mbtowc
                0x0800ba00       0x24 c:/ac6/systemworkbench/plugins/fr.ac6.mcu.externaltools.arm-none.win32_1.13.2.201703061525/tools/compiler/bin/../lib/gcc/arm-none-eabi/5.4.1/../../../../arm-none-eabi/lib/armv7e-m/fpu\libc_nano.a(lib_a-mbtowc_r.o)
                0x0800ba00                __ascii_mbtowc
 .text.memcpy   0x0800ba24       0x16 c:/ac6/systemworkbench/plugins/fr.ac6.mcu.externaltools.arm-none.win32_1.13.2.201703061525/tools/compiler/bin/../lib/gcc/arm-none-eabi/5.4.1/../../../../arm-none-eabi/lib/armv7e-m/fpu\libc_nano.a(lib_a-memcpy-stub.o)
                0x0800ba24                memcpy
 .text.__malloc_lock
                0x0800ba3a        0x2 c:/ac6/systemworkbench/plugins/fr.ac6.mcu.externaltools.arm-none.win32_1.13.2.201703061525/tools/compiler/bin/../lib/gcc/arm-none-eabi/5.4.1/../../../../arm-none-eabi/lib/armv7e-m/fpu\libc_nano.a(lib_a-mlock.o)
                0x0800ba3a                __malloc_lock
 .text.__malloc_unlock
                0x0800ba3c        0x2 c:/ac6/systemworkbench/plugins/fr.ac6.mcu.externaltools.arm-none.win32_1.13.2.201703061525/tools/compiler/bin/../lib/gcc/arm-none-eabi/5.4.1/../../../../arm-none-eabi/lib/armv7e-m/fpu\libc_nano.a(lib_a-mlock.o)
                0x0800ba3c                __malloc_unlock
 .text._Balloc  0x0800ba3e       0x6a c:/ac6/systemworkbench/plugins/fr.ac6.mcu.externaltools.arm-none.win32_1.13.2.201703061525/tools/compiler/bin/../lib/gcc/arm-none-eabi/5.4.1/../../../../arm-none-eabi/lib/armv7e-m/fpu\libc_nano.a(lib_a-mprec.o)
                0x0800ba3e                _Balloc
 .text._Bfree   0x0800baa8       0x2e c:/ac6/systemworkbench/plugins/fr.ac6.mcu.externaltools.arm-none.win32_1.13.2.201703061525/tools/compiler/bin/../lib/gcc/arm-none-eabi/5.4.1/../../../../arm-none-eabi/lib/armv7e-m/fpu\libc_nano.a(lib_a-mprec.o)
                0x0800baa8                _Bfree
 .text.__multadd
                0x0800bad6       0x76 c:/ac6/systemworkbench/plugins/fr.ac6.mcu.externaltools.arm-none.win32_1.13.2.201703061525/tools/compiler/bin/../lib/gcc/arm-none-eabi/5.4.1/../../../../arm-none-eabi/lib/armv7e-m/fpu\libc_nano.a(lib_a-mprec.o)
                0x0800bad6                __multadd
 .text.__s2b    0x0800bb4c       0x7c c:/ac6/systemworkbench/plugins/fr.ac6.mcu.externaltools.arm-none.win32_1.13.2.201703061525/tools/compiler/bin/../lib/gcc/arm-none-eabi/5.4.1/../../../../arm-none-eabi/lib/armv7e-m/fpu\libc_nano.a(lib_a-mprec.o)
                0x0800bb4c                __s2b
 .text.__hi0bits
                0x0800bbc8       0x40 c:/ac6/systemworkbench/plugins/fr.ac6.mcu.externaltools.arm-none.win32_1.13.2.201703061525/tools/compiler/bin/../lib/gcc/arm-none-eabi/5.4.1/../../../../arm-none-eabi/lib/armv7e-m/fpu\libc_nano.a(lib_a-mprec.o)
                0x0800bbc8                __hi0bits
 .text.__lo0bits
                0x0800bc08       0x5a c:/ac6/systemworkbench/plugins/fr.ac6.mcu.externaltools.arm-none.win32_1.13.2.201703061525/tools/compiler/bin/../lib/gcc/arm-none-eabi/5.4.1/../../../../arm-none-eabi/lib/armv7e-m/fpu\libc_nano.a(lib_a-mprec.o)
                0x0800bc08                __lo0bits
 .text.__i2b    0x0800bc62       0x12 c:/ac6/systemworkbench/plugins/fr.ac6.mcu.externaltools.arm-none.win32_1.13.2.201703061525/tools/compiler/bin/../lib/gcc/arm-none-eabi/5.4.1/../../../../arm-none-eabi/lib/armv7e-m/fpu\libc_nano.a(lib_a-mprec.o)
                0x0800bc62                __i2b
 .text.__multiply
                0x0800bc74      0x122 c:/ac6/systemworkbench/plugins/fr.ac6.mcu.externaltools.arm-none.win32_1.13.2.201703061525/tools/compiler/bin/../lib/gcc/arm-none-eabi/5.4.1/../../../../arm-none-eabi/lib/armv7e-m/fpu\libc_nano.a(lib_a-mprec.o)
                0x0800bc74                __multiply
 *fill*         0x0800bd96        0x2 
 .text.__pow5mult
                0x0800bd98       0x9c c:/ac6/systemworkbench/plugins/fr.ac6.mcu.externaltools.arm-none.win32_1.13.2.201703061525/tools/compiler/bin/../lib/gcc/arm-none-eabi/5.4.1/../../../../arm-none-eabi/lib/armv7e-m/fpu\libc_nano.a(lib_a-mprec.o)
                0x0800bd98                __pow5mult
 .text.__lshift
                0x0800be34       0xa2 c:/ac6/systemworkbench/plugins/fr.ac6.mcu.externaltools.arm-none.win32_1.13.2.201703061525/tools/compiler/bin/../lib/gcc/arm-none-eabi/5.4.1/../../../../arm-none-eabi/lib/armv7e-m/fpu\libc_nano.a(lib_a-mprec.o)
                0x0800be34                __lshift
 .text.__mcmp   0x0800bed6       0x38 c:/ac6/systemworkbench/plugins/fr.ac6.mcu.externaltools.arm-none.win32_1.13.2.201703061525/tools/compiler/bin/../lib/gcc/arm-none-eabi/5.4.1/../../../../arm-none-eabi/lib/armv7e-m/fpu\libc_nano.a(lib_a-mprec.o)
                0x0800bed6                __mcmp
 .text.__mdiff  0x0800bf0e       0xbe c:/ac6/systemworkbench/plugins/fr.ac6.mcu.externaltools.arm-none.win32_1.13.2.201703061525/tools/compiler/bin/../lib/gcc/arm-none-eabi/5.4.1/../../../../arm-none-eabi/lib/armv7e-m/fpu\libc_nano.a(lib_a-mprec.o)
                0x0800bf0e                __mdiff
 .text.__ulp    0x0800bfcc       0x50 c:/ac6/systemworkbench/plugins/fr.ac6.mcu.externaltools.arm-none.win32_1.13.2.201703061525/tools/compiler/bin/../lib/gcc/arm-none-eabi/5.4.1/../../../../arm-none-eabi/lib/armv7e-m/fpu\libc_nano.a(lib_a-mprec.o)
                0x0800bfcc                __ulp
 .text.__b2d    0x0800c01c       0x9a c:/ac6/systemworkbench/plugins/fr.ac6.mcu.externaltools.arm-none.win32_1.13.2.201703061525/tools/compiler/bin/../lib/gcc/arm-none-eabi/5.4.1/../../../../arm-none-eabi/lib/armv7e-m/fpu\libc_nano.a(lib_a-mprec.o)
                0x0800c01c                __b2d
 .text.__d2b    0x0800c0b6       0x9c c:/ac6/systemworkbench/plugins/fr.ac6.mcu.externaltools.arm-none.win32_1.13.2.201703061525/tools/compiler/bin/../lib/gcc/arm-none-eabi/5.4.1/../../../../arm-none-eabi/lib/armv7e-m/fpu\libc_nano.a(lib_a-mprec.o)
                0x0800c0b6                __d2b
 .text.__ratio  0x0800c152       0x54 c:/ac6/systemworkbench/plugins/fr.ac6.mcu.externaltools.arm-none.win32_1.13.2.201703061525/tools/compiler/bin/../lib/gcc/arm-none-eabi/5.4.1/../../../../arm-none-eabi/lib/armv7e-m/fpu\libc_nano.a(lib_a-mprec.o)
                0x0800c152                __ratio
 .text.__copybits
                0x0800c1a6       0x34 c:/ac6/systemworkbench/plugins/fr.ac6.mcu.externaltools.arm-none.win32_1.13.2.201703061525/tools/compiler/bin/../lib/gcc/arm-none-eabi/5.4.1/../../../../arm-none-eabi/lib/armv7e-m/fpu\libc_nano.a(lib_a-mprec.o)
                0x0800c1a6                __copybits
 .text.__any_on
                0x0800c1da       0x44 c:/ac6/systemworkbench/plugins/fr.ac6.mcu.externaltools.arm-none.win32_1.13.2.201703061525/tools/compiler/bin/../lib/gcc/arm-none-eabi/5.4.1/../../../../arm-none-eabi/lib/armv7e-m/fpu\libc_nano.a(lib_a-mprec.o)
                0x0800c1da                __any_on
 .text._calloc_r
                0x0800c21e       0x1c c:/ac6/systemworkbench/plugins/fr.ac6.mcu.externaltools.arm-none.win32_1.13.2.201703061525/tools/compiler/bin/../lib/gcc/arm-none-eabi/5.4.1/../../../../arm-none-eabi/lib/armv7e-m/fpu\libc_nano.a(lib_a-nano-callocr.o)
                0x0800c21e                _calloc_r
 .text._realloc_r
                0x0800c23a       0x4c c:/ac6/systemworkbench/plugins/fr.ac6.mcu.externaltools.arm-none.win32_1.13.2.201703061525/tools/compiler/bin/../lib/gcc/arm-none-eabi/5.4.1/../../../../arm-none-eabi/lib/armv7e-m/fpu\libc_nano.a(lib_a-nano-reallocr.o)
                0x0800c23a                _realloc_r
 .text.__ssputs_r
                0x0800c286       0xb2 c:/ac6/systemworkbench/plugins/fr.ac6.mcu.externaltools.arm-none.win32_1.13.2.201703061525/tools/compiler/bin/../lib/gcc/arm-none-eabi/5.4.1/../../../../arm-none-eabi/lib/armv7e-m/fpu\libc_nano.a(lib_a-nano-svfprintf.o)
                0x0800c286                __ssputs_r
 .text._svfprintf_r
                0x0800c338      0x1e8 c:/ac6/systemworkbench/plugins/fr.ac6.mcu.externaltools.arm-none.win32_1.13.2.201703061525/tools/compiler/bin/../lib/gcc/arm-none-eabi/5.4.1/../../../../arm-none-eabi/lib/armv7e-m/fpu\libc_nano.a(lib_a-nano-svfprintf.o)
                0x0800c338                _svfiprintf_r
                0x0800c338                _svfprintf_r
 .text._sungetc_r
                0x0800c520       0x7c c:/ac6/systemworkbench/plugins/fr.ac6.mcu.externaltools.arm-none.win32_1.13.2.201703061525/tools/compiler/bin/../lib/gcc/arm-none-eabi/5.4.1/../../../../arm-none-eabi/lib/armv7e-m/fpu\libc_nano.a(lib_a-nano-svfscanf.o)
                0x0800c520                _sungetc_r
 .text.__ssrefill_r
                0x0800c59c       0x3a c:/ac6/systemworkbench/plugins/fr.ac6.mcu.externaltools.arm-none.win32_1.13.2.201703061525/tools/compiler/bin/../lib/gcc/arm-none-eabi/5.4.1/../../../../arm-none-eabi/lib/armv7e-m/fpu\libc_nano.a(lib_a-nano-svfscanf.o)
                0x0800c59c                __ssrefill_r
 *fill*         0x0800c5d6        0x2 
 .text.__ssvfscanf_r
                0x0800c5d8      0x2b0 c:/ac6/systemworkbench/plugins/fr.ac6.mcu.externaltools.arm-none.win32_1.13.2.201703061525/tools/compiler/bin/../lib/gcc/arm-none-eabi/5.4.1/../../../../arm-none-eabi/lib/armv7e-m/fpu\libc_nano.a(lib_a-nano-svfscanf.o)
                0x0800c5d8                __ssvfiscanf_r
                0x0800c5d8                __ssvfscanf_r
 .text.__sfputc_r
                0x0800c888       0x30 c:/ac6/systemworkbench/plugins/fr.ac6.mcu.externaltools.arm-none.win32_1.13.2.201703061525/tools/compiler/bin/../lib/gcc/arm-none-eabi/5.4.1/../../../../arm-none-eabi/lib/armv7e-m/fpu\libc_nano.a(lib_a-nano-vfprintf.o)
 .text.__sfputs_r
                0x0800c8b8       0x24 c:/ac6/systemworkbench/plugins/fr.ac6.mcu.externaltools.arm-none.win32_1.13.2.201703061525/tools/compiler/bin/../lib/gcc/arm-none-eabi/5.4.1/../../../../arm-none-eabi/lib/armv7e-m/fpu\libc_nano.a(lib_a-nano-vfprintf.o)
                0x0800c8b8                __sfputs_r
 .text._vfprintf_r
                0x0800c8dc      0x238 c:/ac6/systemworkbench/plugins/fr.ac6.mcu.externaltools.arm-none.win32_1.13.2.201703061525/tools/compiler/bin/../lib/gcc/arm-none-eabi/5.4.1/../../../../arm-none-eabi/lib/armv7e-m/fpu\libc_nano.a(lib_a-nano-vfprintf.o)
                0x0800c8dc                _vfprintf_r
                0x0800c8dc                _vfiprintf_r
 .text._scanf_chars
                0x0800cb14       0xce c:/ac6/systemworkbench/plugins/fr.ac6.mcu.externaltools.arm-none.win32_1.13.2.201703061525/tools/compiler/bin/../lib/gcc/arm-none-eabi/5.4.1/../../../../arm-none-eabi/lib/armv7e-m/fpu\libc_nano.a(lib_a-nano-vfscanf_i.o)
                0x0800cb14                _scanf_chars
 *fill*         0x0800cbe2        0x2 
 .text._scanf_i
                0x0800cbe4      0x1e4 c:/ac6/systemworkbench/plugins/fr.ac6.mcu.externaltools.arm-none.win32_1.13.2.201703061525/tools/compiler/bin/../lib/gcc/arm-none-eabi/5.4.1/../../../../arm-none-eabi/lib/armv7e-m/fpu\libc_nano.a(lib_a-nano-vfscanf_i.o)
                0x0800cbe4                _scanf_i
 .text._putc_r  0x0800cdc8       0x6c c:/ac6/systemworkbench/plugins/fr.ac6.mcu.externaltools.arm-none.win32_1.13.2.201703061525/tools/compiler/bin/../lib/gcc/arm-none-eabi/5.4.1/../../../../arm-none-eabi/lib/armv7e-m/fpu\libc_nano.a(lib_a-putc.o)
                0x0800cdc8                _putc_r
 .text._read_r  0x0800ce34       0x24 c:/ac6/systemworkbench/plugins/fr.ac6.mcu.externaltools.arm-none.win32_1.13.2.201703061525/tools/compiler/bin/../lib/gcc/arm-none-eabi/5.4.1/../../../../arm-none-eabi/lib/armv7e-m/fpu\libc_nano.a(lib_a-readr.o)
                0x0800ce34                _read_r
 .text.lflush   0x0800ce58       0x12 c:/ac6/systemworkbench/plugins/fr.ac6.mcu.externaltools.arm-none.win32_1.13.2.201703061525/tools/compiler/bin/../lib/gcc/arm-none-eabi/5.4.1/../../../../arm-none-eabi/lib/armv7e-m/fpu\libc_nano.a(lib_a-refill.o)
 *fill*         0x0800ce6a        0x2 
 .text.__srefill_r
                0x0800ce6c      0x110 c:/ac6/systemworkbench/plugins/fr.ac6.mcu.externaltools.arm-none.win32_1.13.2.201703061525/tools/compiler/bin/../lib/gcc/arm-none-eabi/5.4.1/../../../../arm-none-eabi/lib/armv7e-m/fpu\libc_nano.a(lib_a-refill.o)
                0x0800ce6c                __srefill_r
 .text.__sccl   0x0800cf7c       0x62 c:/ac6/systemworkbench/plugins/fr.ac6.mcu.externaltools.arm-none.win32_1.13.2.201703061525/tools/compiler/bin/../lib/gcc/arm-none-eabi/5.4.1/../../../../arm-none-eabi/lib/armv7e-m/fpu\libc_nano.a(lib_a-sccl.o)
                0x0800cf7c                __sccl
 .text.strncmp  0x0800cfde       0x2a c:/ac6/systemworkbench/plugins/fr.ac6.mcu.externaltools.arm-none.win32_1.13.2.201703061525/tools/compiler/bin/../lib/gcc/arm-none-eabi/5.4.1/../../../../arm-none-eabi/lib/armv7e-m/fpu\libc_nano.a(lib_a-strncmp.o)
                0x0800cfde                strncmp
 .text._strtoul_l.isra.0
                0x0800d008      0x102 c:/ac6/systemworkbench/plugins/fr.ac6.mcu.externaltools.arm-none.win32_1.13.2.201703061525/tools/compiler/bin/../lib/gcc/arm-none-eabi/5.4.1/../../../../arm-none-eabi/lib/armv7e-m/fpu\libc_nano.a(lib_a-strtoul.o)
 *fill*         0x0800d10a        0x2 
 .text._strtoul_r
                0x0800d10c       0x24 c:/ac6/systemworkbench/plugins/fr.ac6.mcu.externaltools.arm-none.win32_1.13.2.201703061525/tools/compiler/bin/../lib/gcc/arm-none-eabi/5.4.1/../../../../arm-none-eabi/lib/armv7e-m/fpu\libc_nano.a(lib_a-strtoul.o)
                0x0800d10c                _strtoul_r
 .text.__submore
                0x0800d130       0x76 c:/ac6/systemworkbench/plugins/fr.ac6.mcu.externaltools.arm-none.win32_1.13.2.201703061525/tools/compiler/bin/../lib/gcc/arm-none-eabi/5.4.1/../../../../arm-none-eabi/lib/armv7e-m/fpu\libc_nano.a(lib_a-ungetc.o)
                0x0800d130                __submore
 .text.__ascii_wctomb
                0x0800d1a6       0x1a c:/ac6/systemworkbench/plugins/fr.ac6.mcu.externaltools.arm-none.win32_1.13.2.201703061525/tools/compiler/bin/../lib/gcc/arm-none-eabi/5.4.1/../../../../arm-none-eabi/lib/armv7e-m/fpu\libc_nano.a(lib_a-wctomb_r.o)
                0x0800d1a6                __ascii_wctomb
 .text._fstat_r
                0x0800d1c0       0x24 c:/ac6/systemworkbench/plugins/fr.ac6.mcu.externaltools.arm-none.win32_1.13.2.201703061525/tools/compiler/bin/../lib/gcc/arm-none-eabi/5.4.1/../../../../arm-none-eabi/lib/armv7e-m/fpu\libc_nano.a(lib_a-fstatr.o)
                0x0800d1c0                _fstat_r
 .text._isatty_r
                0x0800d1e4       0x20 c:/ac6/systemworkbench/plugins/fr.ac6.mcu.externaltools.arm-none.win32_1.13.2.201703061525/tools/compiler/bin/../lib/gcc/arm-none-eabi/5.4.1/../../../../arm-none-eabi/lib/armv7e-m/fpu\libc_nano.a(lib_a-isattyr.o)
                0x0800d1e4                _isatty_r
 .text.memmove  0x0800d204       0x36 c:/ac6/systemworkbench/plugins/fr.ac6.mcu.externaltools.arm-none.win32_1.13.2.201703061525/tools/compiler/bin/../lib/gcc/arm-none-eabi/5.4.1/../../../../arm-none-eabi/lib/armv7e-m/fpu\libc_nano.a(lib_a-memmove.o)
                0x0800d204                memmove
 .text._malloc_usable_size_r
                0x0800d23a       0x14 c:/ac6/systemworkbench/plugins/fr.ac6.mcu.externaltools.arm-none.win32_1.13.2.201703061525/tools/compiler/bin/../lib/gcc/arm-none-eabi/5.4.1/../../../../arm-none-eabi/lib/armv7e-m/fpu\libc_nano.a(lib_a-nano-msizer.o)
                0x0800d23a                _malloc_usable_size_r
 *fill*         0x0800d24e        0x2 
 .text.cbrtf    0x0800d250       0xd0 c:/ac6/systemworkbench/plugins/fr.ac6.mcu.externaltools.arm-none.win32_1.13.2.201703061525/tools/compiler/bin/../lib/gcc/arm-none-eabi/5.4.1/../../../../arm-none-eabi/lib/armv7e-m/fpu\libm.a(lib_a-sf_cbrt.o)
                0x0800d250                cbrtf
 .text.powf     0x0800d320      0x328 c:/ac6/systemworkbench/plugins/fr.ac6.mcu.externaltools.arm-none.win32_1.13.2.201703061525/tools/compiler/bin/../lib/gcc/arm-none-eabi/5.4.1/../../../../arm-none-eabi/lib/armv7e-m/fpu\libm.a(lib_a-wf_pow.o)
                0x0800d320                powf
 .text.sqrtf    0x0800d648       0xac c:/ac6/systemworkbench/plugins/fr.ac6.mcu.externaltools.arm-none.win32_1.13.2.201703061525/tools/compiler/bin/../lib/gcc/arm-none-eabi/5.4.1/../../../../arm-none-eabi/lib/armv7e-m/fpu\libm.a(lib_a-wf_sqrt.o)
                0x0800d648                sqrtf
 .text.__ieee754_powf
                0x0800d6f4      0x5fc c:/ac6/systemworkbench/plugins/fr.ac6.mcu.externaltools.arm-none.win32_1.13.2.201703061525/tools/compiler/bin/../lib/gcc/arm-none-eabi/5.4.1/../../../../arm-none-eabi/lib/armv7e-m/fpu\libm.a(lib_a-ef_pow.o)
                0x0800d6f4                __ieee754_powf
 .text.__ieee754_sqrtf
                0x0800dcf0       0xa4 c:/ac6/systemworkbench/plugins/fr.ac6.mcu.externaltools.arm-none.win32_1.13.2.201703061525/tools/compiler/bin/../lib/gcc/arm-none-eabi/5.4.1/../../../../arm-none-eabi/lib/armv7e-m/fpu\libm.a(lib_a-ef_sqrt.o)
                0x0800dcf0                __ieee754_sqrtf
 .text.matherr  0x0800dd94        0x4 c:/ac6/systemworkbench/plugins/fr.ac6.mcu.externaltools.arm-none.win32_1.13.2.201703061525/tools/compiler/bin/../lib/gcc/arm-none-eabi/5.4.1/../../../../arm-none-eabi/lib/armv7e-m/fpu\libm.a(lib_a-s_matherr.o)
                0x0800dd94                matherr
 .text.rint     0x0800dd98      0x128 c:/ac6/systemworkbench/plugins/fr.ac6.mcu.externaltools.arm-none.win32_1.13.2.201703061525/tools/compiler/bin/../lib/gcc/arm-none-eabi/5.4.1/../../../../arm-none-eabi/lib/armv7e-m/fpu\libm.a(lib_a-s_rint.o)
                0x0800dd98                rint
 .text.fabsf    0x0800dec0       0x10 c:/ac6/systemworkbench/plugins/fr.ac6.mcu.externaltools.arm-none.win32_1.13.2.201703061525/tools/compiler/bin/../lib/gcc/arm-none-eabi/5.4.1/../../../../arm-none-eabi/lib/armv7e-m/fpu\libm.a(lib_a-sf_fabs.o)
                0x0800dec0                fabsf
 .text.finitef  0x0800ded0       0x14 c:/ac6/systemworkbench/plugins/fr.ac6.mcu.externaltools.arm-none.win32_1.13.2.201703061525/tools/compiler/bin/../lib/gcc/arm-none-eabi/5.4.1/../../../../arm-none-eabi/lib/armv7e-m/fpu\libm.a(lib_a-sf_finite.o)
                0x0800ded0                finitef
 .text.scalbnf  0x0800dee4       0xd0 c:/ac6/systemworkbench/plugins/fr.ac6.mcu.externaltools.arm-none.win32_1.13.2.201703061525/tools/compiler/bin/../lib/gcc/arm-none-eabi/5.4.1/../../../../arm-none-eabi/lib/armv7e-m/fpu\libm.a(lib_a-sf_scalbn.o)
                0x0800dee4                scalbnf
 .text.copysignf
                0x0800dfb4       0x18 c:/ac6/systemworkbench/plugins/fr.ac6.mcu.externaltools.arm-none.win32_1.13.2.201703061525/tools/compiler/bin/../lib/gcc/arm-none-eabi/5.4.1/../../../../arm-none-eabi/lib/armv7e-m/fpu\libm.a(lib_a-sf_copysign.o)
                0x0800dfb4                copysignf
 *(.glue_7)
 .glue_7        0x0800dfcc        0x0 linker stubs
 *(.glue_7t)
 .glue_7t       0x0800dfcc        0x0 linker stubs
 *(.eh_frame)
 .eh_frame      0x0800dfcc        0x0 c:/ac6/systemworkbench/plugins/fr.ac6.mcu.externaltools.arm-none.win32_1.13.2.201703061525/tools/compiler/bin/../lib/gcc/arm-none-eabi/5.4.1/armv7e-m/fpu/crtbegin.o
 *(.init)
 .init          0x0800dfcc        0x4 c:/ac6/systemworkbench/plugins/fr.ac6.mcu.externaltools.arm-none.win32_1.13.2.201703061525/tools/compiler/bin/../lib/gcc/arm-none-eabi/5.4.1/armv7e-m/fpu/crti.o
                0x0800dfcc                _init
 .init          0x0800dfd0        0x8 c:/ac6/systemworkbench/plugins/fr.ac6.mcu.externaltools.arm-none.win32_1.13.2.201703061525/tools/compiler/bin/../lib/gcc/arm-none-eabi/5.4.1/armv7e-m/fpu/crtn.o
 *(.fini)
 .fini          0x0800dfd8        0x4 c:/ac6/systemworkbench/plugins/fr.ac6.mcu.externaltools.arm-none.win32_1.13.2.201703061525/tools/compiler/bin/../lib/gcc/arm-none-eabi/5.4.1/armv7e-m/fpu/crti.o
                0x0800dfd8                _fini
 .fini          0x0800dfdc        0x8 c:/ac6/systemworkbench/plugins/fr.ac6.mcu.externaltools.arm-none.win32_1.13.2.201703061525/tools/compiler/bin/../lib/gcc/arm-none-eabi/5.4.1/armv7e-m/fpu/crtn.o
                0x0800dfe4                . = ALIGN (0x4)
                0x0800dfe4                _etext = .

.vfp11_veneer   0x0800dfe4        0x0
 .vfp11_veneer  0x0800dfe4        0x0 linker stubs

.v4_bx          0x0800dfe4        0x0
 .v4_bx         0x0800dfe4        0x0 linker stubs

.iplt           0x0800dfe4        0x0
 .iplt          0x0800dfe4        0x0 c:/ac6/systemworkbench/plugins/fr.ac6.mcu.externaltools.arm-none.win32_1.13.2.201703061525/tools/compiler/bin/../lib/gcc/arm-none-eabi/5.4.1/armv7e-m/fpu/crtbegin.o

.rodata         0x0800dfe8     0x4a78
                0x0800dfe8                . = ALIGN (0x4)
 *(.rodata)
 .rodata        0x0800dfe8       0x26 Drivers/BSP/openx07v_c_lcd.o
 *fill*         0x0800e00e        0x2 
 .rodata        0x0800e010       0x2e Drivers/BSP/touch_panel.o
 *fill*         0x0800e03e        0x2 
 .rodata        0x0800e040      0x474 Drivers/Fonts/font12.o
                0x0800e040                Font12_Table
 .rodata        0x0800e4b4      0xbe0 Drivers/Fonts/font16.o
                0x0800e4b4                Font16_Table
 .rodata        0x0800f094      0xed8 Drivers/Fonts/font20.o
                0x0800f094                Font20_Table
 .rodata        0x0800ff6c     0x1ab8 Drivers/Fonts/font24.o
                0x0800ff6c                Font24_Table
 .rodata        0x08011a24       0x10 Drivers/STM32F4xx_HAL_Driver/Src/stm32f4xx_hal_rcc.o
                0x08011a24                APBAHBPrescTable
 .rodata        0x08011a34      0x7c1 Src/Ass-02-Q01.o
                0x08011aa4                commandList
 *fill*         0x080121f5        0x3 
 .rodata        0x080121f8      0x504 Src/Ass-02-Q02.o
 .rodata        0x080126fc        0xc c:/ac6/systemworkbench/plugins/fr.ac6.mcu.externaltools.arm-none.win32_1.13.2.201703061525/tools/compiler/bin/../lib/gcc/arm-none-eabi/5.4.1/../../../../arm-none-eabi/lib/armv7e-m/fpu\libc_nano.a(lib_a-nano-vfscanf_i.o)
 *(.rodata*)
 .rodata._global_impure_ptr
                0x08012708        0x4 c:/ac6/systemworkbench/plugins/fr.ac6.mcu.externaltools.arm-none.win32_1.13.2.201703061525/tools/compiler/bin/../lib/gcc/arm-none-eabi/5.4.1/../../../../arm-none-eabi/lib/armv7e-m/fpu\libc_nano.a(lib_a-impure.o)
                0x08012708                _global_impure_ptr
 .rodata.str1.1
                0x0801270c       0x10 c:/ac6/systemworkbench/plugins/fr.ac6.mcu.externaltools.arm-none.win32_1.13.2.201703061525/tools/compiler/bin/../lib/gcc/arm-none-eabi/5.4.1/../../../../arm-none-eabi/lib/armv7e-m/fpu\libc_nano.a(lib_a-nano-vfprintf_float.o)
                                 0x12 (size before relaxing)
 .rodata.str1.1
                0x0801271c       0x22 c:/ac6/systemworkbench/plugins/fr.ac6.mcu.externaltools.arm-none.win32_1.13.2.201703061525/tools/compiler/bin/../lib/gcc/arm-none-eabi/5.4.1/../../../../arm-none-eabi/lib/armv7e-m/fpu\libc_nano.a(lib_a-nano-vfprintf_i.o)
 .rodata.str1.1
                0x0801273e        0x5 c:/ac6/systemworkbench/plugins/fr.ac6.mcu.externaltools.arm-none.win32_1.13.2.201703061525/tools/compiler/bin/../lib/gcc/arm-none-eabi/5.4.1/../../../../arm-none-eabi/lib/armv7e-m/fpu\libc_nano.a(lib_a-nano-vfscanf_float.o)
 *fill*         0x08012743        0x1 
 .rodata.fpi.6181
                0x08012744       0x14 c:/ac6/systemworkbench/plugins/fr.ac6.mcu.externaltools.arm-none.win32_1.13.2.201703061525/tools/compiler/bin/../lib/gcc/arm-none-eabi/5.4.1/../../../../arm-none-eabi/lib/armv7e-m/fpu\libc_nano.a(lib_a-strtod.o)
 .rodata.str1.1
                0x08012758        0x5 c:/ac6/systemworkbench/plugins/fr.ac6.mcu.externaltools.arm-none.win32_1.13.2.201703061525/tools/compiler/bin/../lib/gcc/arm-none-eabi/5.4.1/../../../../arm-none-eabi/lib/armv7e-m/fpu\libc_nano.a(lib_a-strtod.o)
                                  0xc (size before relaxing)
 .rodata.tinytens
                0x08012758       0x28 c:/ac6/systemworkbench/plugins/fr.ac6.mcu.externaltools.arm-none.win32_1.13.2.201703061525/tools/compiler/bin/../lib/gcc/arm-none-eabi/5.4.1/../../../../arm-none-eabi/lib/armv7e-m/fpu\libc_nano.a(lib_a-strtod.o)
 .rodata.fpinan.6217
                0x08012780       0x14 c:/ac6/systemworkbench/plugins/fr.ac6.mcu.externaltools.arm-none.win32_1.13.2.201703061525/tools/compiler/bin/../lib/gcc/arm-none-eabi/5.4.1/../../../../arm-none-eabi/lib/armv7e-m/fpu\libc_nano.a(lib_a-strtod.o)
 .rodata.str1.1
                0x08012794        0xd c:/ac6/systemworkbench/plugins/fr.ac6.mcu.externaltools.arm-none.win32_1.13.2.201703061525/tools/compiler/bin/../lib/gcc/arm-none-eabi/5.4.1/../../../../arm-none-eabi/lib/armv7e-m/fpu\libc_nano.a(lib_a-dtoa.o)
                                  0xf (size before relaxing)
 *fill*         0x080127a1        0x3 
 .rodata.__sf_fake_stdin
                0x080127a4       0x20 c:/ac6/systemworkbench/plugins/fr.ac6.mcu.externaltools.arm-none.win32_1.13.2.201703061525/tools/compiler/bin/../lib/gcc/arm-none-eabi/5.4.1/../../../../arm-none-eabi/lib/armv7e-m/fpu\libc_nano.a(lib_a-findfp.o)
                0x080127a4                __sf_fake_stdin
 .rodata.__sf_fake_stdout
                0x080127c4       0x20 c:/ac6/systemworkbench/plugins/fr.ac6.mcu.externaltools.arm-none.win32_1.13.2.201703061525/tools/compiler/bin/../lib/gcc/arm-none-eabi/5.4.1/../../../../arm-none-eabi/lib/armv7e-m/fpu\libc_nano.a(lib_a-findfp.o)
                0x080127c4                __sf_fake_stdout
 .rodata.__sf_fake_stderr
                0x080127e4       0x20 c:/ac6/systemworkbench/plugins/fr.ac6.mcu.externaltools.arm-none.win32_1.13.2.201703061525/tools/compiler/bin/../lib/gcc/arm-none-eabi/5.4.1/../../../../arm-none-eabi/lib/armv7e-m/fpu\libc_nano.a(lib_a-findfp.o)
                0x080127e4                __sf_fake_stderr
 .rodata.str1.1
                0x08012804        0xa c:/ac6/systemworkbench/plugins/fr.ac6.mcu.externaltools.arm-none.win32_1.13.2.201703061525/tools/compiler/bin/../lib/gcc/arm-none-eabi/5.4.1/../../../../arm-none-eabi/lib/armv7e-m/fpu\libc_nano.a(lib_a-locale.o)
                                  0xb (size before relaxing)
 *fill*         0x0801280e        0x2 
 .rodata.__mprec_tens
                0x08012810       0xc8 c:/ac6/systemworkbench/plugins/fr.ac6.mcu.externaltools.arm-none.win32_1.13.2.201703061525/tools/compiler/bin/../lib/gcc/arm-none-eabi/5.4.1/../../../../arm-none-eabi/lib/armv7e-m/fpu\libc_nano.a(lib_a-mprec.o)
                0x08012810                __mprec_tens
 .rodata.__mprec_bigtens
                0x080128d8       0x28 c:/ac6/systemworkbench/plugins/fr.ac6.mcu.externaltools.arm-none.win32_1.13.2.201703061525/tools/compiler/bin/../lib/gcc/arm-none-eabi/5.4.1/../../../../arm-none-eabi/lib/armv7e-m/fpu\libc_nano.a(lib_a-mprec.o)
                0x080128d8                __mprec_bigtens
 .rodata.p05.6099
                0x08012900        0xc c:/ac6/systemworkbench/plugins/fr.ac6.mcu.externaltools.arm-none.win32_1.13.2.201703061525/tools/compiler/bin/../lib/gcc/arm-none-eabi/5.4.1/../../../../arm-none-eabi/lib/armv7e-m/fpu\libc_nano.a(lib_a-mprec.o)
 .rodata.str1.1
                0x0801290c       0x11 c:/ac6/systemworkbench/plugins/fr.ac6.mcu.externaltools.arm-none.win32_1.13.2.201703061525/tools/compiler/bin/../lib/gcc/arm-none-eabi/5.4.1/../../../../arm-none-eabi/lib/armv7e-m/fpu\libc_nano.a(lib_a-nano-svfprintf.o)
 .rodata.str1.1
                0x0801291d        0x4 c:/ac6/systemworkbench/plugins/fr.ac6.mcu.externaltools.arm-none.win32_1.13.2.201703061525/tools/compiler/bin/../lib/gcc/arm-none-eabi/5.4.1/../../../../arm-none-eabi/lib/armv7e-m/fpu\libc_nano.a(lib_a-nano-svfscanf.o)
 .rodata.str1.1
                0x0801291d       0x11 c:/ac6/systemworkbench/plugins/fr.ac6.mcu.externaltools.arm-none.win32_1.13.2.201703061525/tools/compiler/bin/../lib/gcc/arm-none-eabi/5.4.1/../../../../arm-none-eabi/lib/armv7e-m/fpu\libc_nano.a(lib_a-nano-vfprintf.o)
 .rodata.str1.1
                0x0801291d       0x1b c:/ac6/systemworkbench/plugins/fr.ac6.mcu.externaltools.arm-none.win32_1.13.2.201703061525/tools/compiler/bin/../lib/gcc/arm-none-eabi/5.4.1/../../../../arm-none-eabi/lib/armv7e-m/fpu\libc_nano.a(lib_a-nano-vfscanf_i.o)
 .rodata._ctype_
                0x08012938      0x101 c:/ac6/systemworkbench/plugins/fr.ac6.mcu.externaltools.arm-none.win32_1.13.2.201703061525/tools/compiler/bin/../lib/gcc/arm-none-eabi/5.4.1/../../../../arm-none-eabi/lib/armv7e-m/fpu\libc_nano.a(lib_a-ctype_.o)
                0x08012938                _ctype_
 *fill*         0x08012a39        0x3 
 .rodata.str1.4
                0x08012a3c        0x5 c:/ac6/systemworkbench/plugins/fr.ac6.mcu.externaltools.arm-none.win32_1.13.2.201703061525/tools/compiler/bin/../lib/gcc/arm-none-eabi/5.4.1/../../../../arm-none-eabi/lib/armv7e-m/fpu\libm.a(lib_a-wf_pow.o)
 *fill*         0x08012a41        0x3 
 .rodata.str1.4
                0x08012a44        0x6 c:/ac6/systemworkbench/plugins/fr.ac6.mcu.externaltools.arm-none.win32_1.13.2.201703061525/tools/compiler/bin/../lib/gcc/arm-none-eabi/5.4.1/../../../../arm-none-eabi/lib/armv7e-m/fpu\libm.a(lib_a-wf_sqrt.o)
 .rodata.str1.4
                0x08012a4a        0x8 c:/ac6/systemworkbench/plugins/fr.ac6.mcu.externaltools.arm-none.win32_1.13.2.201703061525/tools/compiler/bin/../lib/gcc/arm-none-eabi/5.4.1/../../../../arm-none-eabi/lib/armv7e-m/fpu\libm.a(lib_a-ef_pow.o)
                                  0x1 (size before relaxing)
 *fill*         0x08012a4a        0x6 
 .rodata.TWO52  0x08012a50       0x10 c:/ac6/systemworkbench/plugins/fr.ac6.mcu.externaltools.arm-none.win32_1.13.2.201703061525/tools/compiler/bin/../lib/gcc/arm-none-eabi/5.4.1/../../../../arm-none-eabi/lib/armv7e-m/fpu\libm.a(lib_a-s_rint.o)
                0x08012a60                . = ALIGN (0x4)

.rel.dyn        0x08012a60        0x0
 .rel.iplt      0x08012a60        0x0 c:/ac6/systemworkbench/plugins/fr.ac6.mcu.externaltools.arm-none.win32_1.13.2.201703061525/tools/compiler/bin/../lib/gcc/arm-none-eabi/5.4.1/armv7e-m/fpu/crtbegin.o

.ARM.extab
 *(.ARM.extab* .gnu.linkonce.armextab.*)

.ARM            0x08012a60        0x0
                0x08012a60                __exidx_start = .
 *(.ARM.exidx*)
                0x08012a60                __exidx_end = .

.preinit_array  0x08012a60        0x0
                0x08012a60                PROVIDE (__preinit_array_start, .)
 *(.preinit_array*)
                0x08012a60                PROVIDE (__preinit_array_end, .)

.init_array     0x08012a60        0x4
                0x08012a60                PROVIDE (__init_array_start, .)
 *(SORT(.init_array.*))
 *(.init_array*)
 .init_array    0x08012a60        0x4 c:/ac6/systemworkbench/plugins/fr.ac6.mcu.externaltools.arm-none.win32_1.13.2.201703061525/tools/compiler/bin/../lib/gcc/arm-none-eabi/5.4.1/armv7e-m/fpu/crtbegin.o
                0x08012a64                PROVIDE (__init_array_end, .)

.fini_array     0x08012a64        0x4
                [!provide]                PROVIDE (__fini_array_start, .)
 *(SORT(.fini_array.*))
 *(.fini_array*)
 .fini_array    0x08012a64        0x4 c:/ac6/systemworkbench/plugins/fr.ac6.mcu.externaltools.arm-none.win32_1.13.2.201703061525/tools/compiler/bin/../lib/gcc/arm-none-eabi/5.4.1/armv7e-m/fpu/crtbegin.o
                [!provide]                PROVIDE (__fini_array_end, .)
                0x08012a68                _sidata = LOADADDR (.data)

.data           0x20000000      0x298 load address 0x08012a68
                0x20000000                . = ALIGN (0x4)
                0x20000000                _sdata = .
 *(.data)
 .data          0x20000000       0x3c Drivers/BSP/ili9325.o
                0x20000000                ili9325_drv
 .data          0x2000003c        0xc Drivers/BSP/touch_panel.o
                0x2000003c                DisplaySample
 .data          0x20000048        0x8 Drivers/Fonts/font12.o
                0x20000048                Font12
 .data          0x20000050        0x8 Drivers/Fonts/font16.o
                0x20000050                Font16
 .data          0x20000058        0x8 Drivers/Fonts/font20.o
                0x20000058                Font20
 .data          0x20000060        0x8 Drivers/Fonts/font24.o
                0x20000060                Font24
 .data          0x20000068       0x58 Src/Ass-02-Q02.o
                0x20000068                textArray
                0x200000bc                maxSize
 .data          0x200000c0        0x4 Src/system_stm32f4xx.o
                0x200000c0                SystemCoreClock
 *(.data*)
 .data.impure_data
                0x200000c4       0x60 c:/ac6/systemworkbench/plugins/fr.ac6.mcu.externaltools.arm-none.win32_1.13.2.201703061525/tools/compiler/bin/../lib/gcc/arm-none-eabi/5.4.1/../../../../arm-none-eabi/lib/armv7e-m/fpu\libc_nano.a(lib_a-impure.o)
 .data._impure_ptr
                0x20000124        0x4 c:/ac6/systemworkbench/plugins/fr.ac6.mcu.externaltools.arm-none.win32_1.13.2.201703061525/tools/compiler/bin/../lib/gcc/arm-none-eabi/5.4.1/../../../../arm-none-eabi/lib/armv7e-m/fpu\libc_nano.a(lib_a-impure.o)
                0x20000124                _impure_ptr
 .data.__global_locale
                0x20000128      0x16c c:/ac6/systemworkbench/plugins/fr.ac6.mcu.externaltools.arm-none.win32_1.13.2.201703061525/tools/compiler/bin/../lib/gcc/arm-none-eabi/5.4.1/../../../../arm-none-eabi/lib/armv7e-m/fpu\libc_nano.a(lib_a-locale.o)
                0x20000128                __global_locale
 .data.__fdlib_version
                0x20000294        0x1 c:/ac6/systemworkbench/plugins/fr.ac6.mcu.externaltools.arm-none.win32_1.13.2.201703061525/tools/compiler/bin/../lib/gcc/arm-none-eabi/5.4.1/../../../../arm-none-eabi/lib/armv7e-m/fpu\libm.a(lib_a-s_lib_ver.o)
                0x20000294                __fdlib_version
                0x20000298                . = ALIGN (0x4)
 *fill*         0x20000295        0x3 
                0x20000298                _edata = .
                0x08012d00                _siccmram = LOADADDR (.ccmram)

.jcr            0x20000298        0x0 load address 0x08012d00
 .jcr           0x20000298        0x0 c:/ac6/systemworkbench/plugins/fr.ac6.mcu.externaltools.arm-none.win32_1.13.2.201703061525/tools/compiler/bin/../lib/gcc/arm-none-eabi/5.4.1/armv7e-m/fpu/crtbegin.o
